[2026-04-25T11:10:19Z] case=1 profile=mem_n1000000_q200000_h100_dense_g1_j0_s17_t16_mcold estimated_gib=0.020 mode=cold warmup_runs=0
  benchmark_csv=bench_results/roadmap_query_scale_20260425T111019Z/1_mem_n1000000_q200000_h100_dense_g1_j0_s17_t16_mcold.csv
  time_metrics=bench_results/roadmap_query_scale_20260425T111019Z/1_mem_n1000000_q200000_h100_dense_g1_j0_s17_t16_mcold.time.txt
[2026-04-25T11:10:19Z] case=2 profile=mem_n1000000_q200000_h100_dense_g1_j0_s17_t16_mwarm estimated_gib=0.020 mode=warm warmup_runs=1
  benchmark_csv=bench_results/roadmap_query_scale_20260425T111019Z/2_mem_n1000000_q200000_h100_dense_g1_j0_s17_t16_mwarm.csv
  time_metrics=bench_results/roadmap_query_scale_20260425T111019Z/2_mem_n1000000_q200000_h100_dense_g1_j0_s17_t16_mwarm.time.txt
[2026-04-25T11:10:19Z] case=3 profile=mem_n8000000_q200000_h100_dense_g1_j0_s17_t16_mcold estimated_gib=0.077 mode=cold warmup_runs=0
  benchmark_csv=bench_results/roadmap_query_scale_20260425T111019Z/3_mem_n8000000_q200000_h100_dense_g1_j0_s17_t16_mcold.csv
  time_metrics=bench_results/roadmap_query_scale_20260425T111019Z/3_mem_n8000000_q200000_h100_dense_g1_j0_s17_t16_mcold.time.txt
[2026-04-25T11:10:19Z] case=4 profile=mem_n8000000_q200000_h100_dense_g1_j0_s17_t16_mwarm estimated_gib=0.077 mode=warm warmup_runs=1
  benchmark_csv=bench_results/roadmap_query_scale_20260425T111019Z/4_mem_n8000000_q200000_h100_dense_g1_j0_s17_t16_mwarm.csv
  time_metrics=bench_results/roadmap_query_scale_20260425T111019Z/4_mem_n8000000_q200000_h100_dense_g1_j0_s17_t16_mwarm.time.txt
[2026-04-25T11:10:19Z] case=5 profile=mem_n32000000_q200000_h100_dense_g1_j0_s17_t16_mcold estimated_gib=0.274 mode=cold warmup_runs=0
  benchmark_csv=bench_results/roadmap_query_scale_20260425T111019Z/5_mem_n32000000_q200000_h100_dense_g1_j0_s17_t16_mcold.csv
  time_metrics=bench_results/roadmap_query_scale_20260425T111019Z/5_mem_n32000000_q200000_h100_dense_g1_j0_s17_t16_mcold.time.txt
[2026-04-25T11:10:19Z] case=6 profile=mem_n32000000_q200000_h100_dense_g1_j0_s17_t16_mwarm estimated_gib=0.274 mode=warm warmup_runs=1
  benchmark_csv=bench_results/roadmap_query_scale_20260425T111019Z/6_mem_n32000000_q200000_h100_dense_g1_j0_s17_t16_mwarm.csv
  time_metrics=bench_results/roadmap_query_scale_20260425T111019Z/6_mem_n32000000_q200000_h100_dense_g1_j0_s17_t16_mwarm.time.txt
[2026-04-25T11:10:19Z] case=7 profile=mem_n128000000_q200000_h100_dense_g1_j0_s17_t16_mcold estimated_gib=1.061 mode=cold warmup_runs=0
  benchmark_csv=bench_results/roadmap_query_scale_20260425T111019Z/7_mem_n128000000_q200000_h100_dense_g1_j0_s17_t16_mcold.csv
  time_metrics=bench_results/roadmap_query_scale_20260425T111019Z/7_mem_n128000000_q200000_h100_dense_g1_j0_s17_t16_mcold.time.txt
[2026-04-25T11:10:20Z] case=8 profile=mem_n128000000_q200000_h100_dense_g1_j0_s17_t16_mwarm estimated_gib=1.061 mode=warm warmup_runs=1
  benchmark_csv=bench_results/roadmap_query_scale_20260425T111019Z/8_mem_n128000000_q200000_h100_dense_g1_j0_s17_t16_mwarm.csv
  time_metrics=bench_results/roadmap_query_scale_20260425T111019Z/8_mem_n128000000_q200000_h100_dense_g1_j0_s17_t16_mwarm.time.txt
[2026-04-25T11:10:20Z] case=9 profile=mem_n1000000_q1000000_h100_dense_g1_j0_s17_t16_mcold estimated_gib=0.066 mode=cold warmup_runs=0
  benchmark_csv=bench_results/roadmap_query_scale_20260425T111019Z/9_mem_n1000000_q1000000_h100_dense_g1_j0_s17_t16_mcold.csv
  time_metrics=bench_results/roadmap_query_scale_20260425T111019Z/9_mem_n1000000_q1000000_h100_dense_g1_j0_s17_t16_mcold.time.txt
[2026-04-25T11:10:21Z] case=10 profile=mem_n1000000_q1000000_h100_dense_g1_j0_s17_t16_mwarm estimated_gib=0.066 mode=warm warmup_runs=1
  benchmark_csv=bench_results/roadmap_query_scale_20260425T111019Z/10_mem_n1000000_q1000000_h100_dense_g1_j0_s17_t16_mwarm.csv
  time_metrics=bench_results/roadmap_query_scale_20260425T111019Z/10_mem_n1000000_q1000000_h100_dense_g1_j0_s17_t16_mwarm.time.txt
[2026-04-25T11:10:21Z] case=11 profile=mem_n8000000_q1000000_h100_dense_g1_j0_s17_t16_mcold estimated_gib=0.123 mode=cold warmup_runs=0
  benchmark_csv=bench_results/roadmap_query_scale_20260425T111019Z/11_mem_n8000000_q1000000_h100_dense_g1_j0_s17_t16_mcold.csv
  time_metrics=bench_results/roadmap_query_scale_20260425T111019Z/11_mem_n8000000_q1000000_h100_dense_g1_j0_s17_t16_mcold.time.txt
[2026-04-25T11:10:21Z] case=12 profile=mem_n8000000_q1000000_h100_dense_g1_j0_s17_t16_mwarm estimated_gib=0.123 mode=warm warmup_runs=1
  benchmark_csv=bench_results/roadmap_query_scale_20260425T111019Z/12_mem_n8000000_q1000000_h100_dense_g1_j0_s17_t16_mwarm.csv
  time_metrics=bench_results/roadmap_query_scale_20260425T111019Z/12_mem_n8000000_q1000000_h100_dense_g1_j0_s17_t16_mwarm.time.txt
[2026-04-25T11:10:22Z] case=13 profile=mem_n32000000_q1000000_h100_dense_g1_j0_s17_t16_mcold estimated_gib=0.320 mode=cold warmup_runs=0
  benchmark_csv=bench_results/roadmap_query_scale_20260425T111019Z/13_mem_n32000000_q1000000_h100_dense_g1_j0_s17_t16_mcold.csv
  time_metrics=bench_results/roadmap_query_scale_20260425T111019Z/13_mem_n32000000_q1000000_h100_dense_g1_j0_s17_t16_mcold.time.txt
[2026-04-25T11:10:22Z] case=14 profile=mem_n32000000_q1000000_h100_dense_g1_j0_s17_t16_mwarm estimated_gib=0.320 mode=warm warmup_runs=1
  benchmark_csv=bench_results/roadmap_query_scale_20260425T111019Z/14_mem_n32000000_q1000000_h100_dense_g1_j0_s17_t16_mwarm.csv
  time_metrics=bench_results/roadmap_query_scale_20260425T111019Z/14_mem_n32000000_q1000000_h100_dense_g1_j0_s17_t16_mwarm.time.txt
[2026-04-25T11:10:23Z] case=15 profile=mem_n128000000_q1000000_h100_dense_g1_j0_s17_t16_mcold estimated_gib=1.106 mode=cold warmup_runs=0
  benchmark_csv=bench_results/roadmap_query_scale_20260425T111019Z/15_mem_n128000000_q1000000_h100_dense_g1_j0_s17_t16_mcold.csv
  time_metrics=bench_results/roadmap_query_scale_20260425T111019Z/15_mem_n128000000_q1000000_h100_dense_g1_j0_s17_t16_mcold.time.txt
[2026-04-25T11:10:23Z] case=16 profile=mem_n128000000_q1000000_h100_dense_g1_j0_s17_t16_mwarm estimated_gib=1.106 mode=warm warmup_runs=1
  benchmark_csv=bench_results/roadmap_query_scale_20260425T111019Z/16_mem_n128000000_q1000000_h100_dense_g1_j0_s17_t16_mwarm.csv
  time_metrics=bench_results/roadmap_query_scale_20260425T111019Z/16_mem_n128000000_q1000000_h100_dense_g1_j0_s17_t16_mwarm.time.txt
[2026-04-25T11:10:24Z] case=17 profile=mem_n1000000_q4000000_h100_dense_g1_j0_s17_t16_mcold estimated_gib=0.238 mode=cold warmup_runs=0
  benchmark_csv=bench_results/roadmap_query_scale_20260425T111019Z/17_mem_n1000000_q4000000_h100_dense_g1_j0_s17_t16_mcold.csv
  time_metrics=bench_results/roadmap_query_scale_20260425T111019Z/17_mem_n1000000_q4000000_h100_dense_g1_j0_s17_t16_mcold.time.txt
[2026-04-25T11:10:25Z] case=18 profile=mem_n1000000_q4000000_h100_dense_g1_j0_s17_t16_mwarm estimated_gib=0.238 mode=warm warmup_runs=1
  benchmark_csv=bench_results/roadmap_query_scale_20260425T111019Z/18_mem_n1000000_q4000000_h100_dense_g1_j0_s17_t16_mwarm.csv
  time_metrics=bench_results/roadmap_query_scale_20260425T111019Z/18_mem_n1000000_q4000000_h100_dense_g1_j0_s17_t16_mwarm.time.txt
[2026-04-25T11:10:26Z] case=19 profile=mem_n8000000_q4000000_h100_dense_g1_j0_s17_t16_mcold estimated_gib=0.295 mode=cold warmup_runs=0
  benchmark_csv=bench_results/roadmap_query_scale_20260425T111019Z/19_mem_n8000000_q4000000_h100_dense_g1_j0_s17_t16_mcold.csv
  time_metrics=bench_results/roadmap_query_scale_20260425T111019Z/19_mem_n8000000_q4000000_h100_dense_g1_j0_s17_t16_mcold.time.txt
[2026-04-25T11:10:27Z] case=20 profile=mem_n8000000_q4000000_h100_dense_g1_j0_s17_t16_mwarm estimated_gib=0.295 mode=warm warmup_runs=1
  benchmark_csv=bench_results/roadmap_query_scale_20260425T111019Z/20_mem_n8000000_q4000000_h100_dense_g1_j0_s17_t16_mwarm.csv
  time_metrics=bench_results/roadmap_query_scale_20260425T111019Z/20_mem_n8000000_q4000000_h100_dense_g1_j0_s17_t16_mwarm.time.txt
[2026-04-25T11:10:29Z] case=21 profile=mem_n32000000_q4000000_h100_dense_g1_j0_s17_t16_mcold estimated_gib=0.492 mode=cold warmup_runs=0
  benchmark_csv=bench_results/roadmap_query_scale_20260425T111019Z/21_mem_n32000000_q4000000_h100_dense_g1_j0_s17_t16_mcold.csv
  time_metrics=bench_results/roadmap_query_scale_20260425T111019Z/21_mem_n32000000_q4000000_h100_dense_g1_j0_s17_t16_mcold.time.txt
[2026-04-25T11:10:30Z] case=22 profile=mem_n32000000_q4000000_h100_dense_g1_j0_s17_t16_mwarm estimated_gib=0.492 mode=warm warmup_runs=1
  benchmark_csv=bench_results/roadmap_query_scale_20260425T111019Z/22_mem_n32000000_q4000000_h100_dense_g1_j0_s17_t16_mwarm.csv
  time_metrics=bench_results/roadmap_query_scale_20260425T111019Z/22_mem_n32000000_q4000000_h100_dense_g1_j0_s17_t16_mwarm.time.txt
[2026-04-25T11:10:32Z] case=23 profile=mem_n128000000_q4000000_h100_dense_g1_j0_s17_t16_mcold estimated_gib=1.279 mode=cold warmup_runs=0
  benchmark_csv=bench_results/roadmap_query_scale_20260425T111019Z/23_mem_n128000000_q4000000_h100_dense_g1_j0_s17_t16_mcold.csv
  time_metrics=bench_results/roadmap_query_scale_20260425T111019Z/23_mem_n128000000_q4000000_h100_dense_g1_j0_s17_t16_mcold.time.txt
[2026-04-25T11:10:33Z] case=24 profile=mem_n128000000_q4000000_h100_dense_g1_j0_s17_t16_mwarm estimated_gib=1.279 mode=warm warmup_runs=1
  benchmark_csv=bench_results/roadmap_query_scale_20260425T111019Z/24_mem_n128000000_q4000000_h100_dense_g1_j0_s17_t16_mwarm.csv
  time_metrics=bench_results/roadmap_query_scale_20260425T111019Z/24_mem_n128000000_q4000000_h100_dense_g1_j0_s17_t16_mwarm.time.txt
