case 1 ok: bench_results/threadmix_sweep8_20260425T111354Z/1_mem_n1000000_q1000000_h50_dense_g1_j0_s1_t8_mcold.csv
case 2 ok: bench_results/threadmix_sweep8_20260425T111354Z/2_mem_n1000000_q1000000_h50_dense_g1_j0_s1_t8_mwarm.csv
case 3 ok: bench_results/threadmix_sweep8_20260425T111354Z/3_mem_n1000000_q1000000_h50_dense_g1_j0_s17_t8_mcold.csv
case 4 ok: bench_results/threadmix_sweep8_20260425T111354Z/4_mem_n1000000_q1000000_h50_dense_g1_j0_s17_t8_mwarm.csv
case 5 ok: bench_results/threadmix_sweep8_20260425T111354Z/5_mem_n1000000_q1000000_h50_jitter_g8_j8_s1_t8_mcold.csv
case 6 ok: bench_results/threadmix_sweep8_20260425T111354Z/6_mem_n1000000_q1000000_h50_jitter_g8_j8_s1_t8_mwarm.csv
case 7 ok: bench_results/threadmix_sweep8_20260425T111354Z/7_mem_n1000000_q1000000_h50_jitter_g8_j8_s17_t8_mcold.csv
case 8 ok: bench_results/threadmix_sweep8_20260425T111354Z/8_mem_n1000000_q1000000_h50_jitter_g8_j8_s17_t8_mwarm.csv
case 9 ok: bench_results/threadmix_sweep8_20260425T111354Z/9_mem_n1000000_q1000000_h0_dense_g1_j0_s1_t8_mcold.csv
case 10 ok: bench_results/threadmix_sweep8_20260425T111354Z/10_mem_n1000000_q1000000_h0_dense_g1_j0_s1_t8_mwarm.csv
case 11 ok: bench_results/threadmix_sweep8_20260425T111354Z/11_mem_n1000000_q1000000_h0_dense_g1_j0_s17_t8_mcold.csv
case 12 ok: bench_results/threadmix_sweep8_20260425T111354Z/12_mem_n1000000_q1000000_h0_dense_g1_j0_s17_t8_mwarm.csv
case 13 ok: bench_results/threadmix_sweep8_20260425T111354Z/13_mem_n1000000_q1000000_h0_jitter_g8_j8_s1_t8_mcold.csv
case 14 ok: bench_results/threadmix_sweep8_20260425T111354Z/14_mem_n1000000_q1000000_h0_jitter_g8_j8_s1_t8_mwarm.csv
case 15 ok: bench_results/threadmix_sweep8_20260425T111354Z/15_mem_n1000000_q1000000_h0_jitter_g8_j8_s17_t8_mcold.csv
case 16 ok: bench_results/threadmix_sweep8_20260425T111354Z/16_mem_n1000000_q1000000_h0_jitter_g8_j8_s17_t8_mwarm.csv
case 17 ok: bench_results/threadmix_sweep8_20260425T111354Z/17_mem_n8000000_q1000000_h50_dense_g1_j0_s1_t8_mcold.csv
case 18 ok: bench_results/threadmix_sweep8_20260425T111354Z/18_mem_n8000000_q1000000_h50_dense_g1_j0_s1_t8_mwarm.csv
case 19 ok: bench_results/threadmix_sweep8_20260425T111354Z/19_mem_n8000000_q1000000_h50_dense_g1_j0_s17_t8_mcold.csv
case 20 ok: bench_results/threadmix_sweep8_20260425T111354Z/20_mem_n8000000_q1000000_h50_dense_g1_j0_s17_t8_mwarm.csv
case 21 ok: bench_results/threadmix_sweep8_20260425T111354Z/21_mem_n8000000_q1000000_h50_jitter_g8_j8_s1_t8_mcold.csv
case 22 ok: bench_results/threadmix_sweep8_20260425T111354Z/22_mem_n8000000_q1000000_h50_jitter_g8_j8_s1_t8_mwarm.csv
case 23 ok: bench_results/threadmix_sweep8_20260425T111354Z/23_mem_n8000000_q1000000_h50_jitter_g8_j8_s17_t8_mcold.csv
case 24 ok: bench_results/threadmix_sweep8_20260425T111354Z/24_mem_n8000000_q1000000_h50_jitter_g8_j8_s17_t8_mwarm.csv
case 25 ok: bench_results/threadmix_sweep8_20260425T111354Z/25_mem_n8000000_q1000000_h0_dense_g1_j0_s1_t8_mcold.csv
case 26 ok: bench_results/threadmix_sweep8_20260425T111354Z/26_mem_n8000000_q1000000_h0_dense_g1_j0_s1_t8_mwarm.csv
case 27 ok: bench_results/threadmix_sweep8_20260425T111354Z/27_mem_n8000000_q1000000_h0_dense_g1_j0_s17_t8_mcold.csv
case 28 ok: bench_results/threadmix_sweep8_20260425T111354Z/28_mem_n8000000_q1000000_h0_dense_g1_j0_s17_t8_mwarm.csv
case 29 ok: bench_results/threadmix_sweep8_20260425T111354Z/29_mem_n8000000_q1000000_h0_jitter_g8_j8_s1_t8_mcold.csv
case 30 ok: bench_results/threadmix_sweep8_20260425T111354Z/30_mem_n8000000_q1000000_h0_jitter_g8_j8_s1_t8_mwarm.csv
case 31 ok: bench_results/threadmix_sweep8_20260425T111354Z/31_mem_n8000000_q1000000_h0_jitter_g8_j8_s17_t8_mcold.csv
case 32 ok: bench_results/threadmix_sweep8_20260425T111354Z/32_mem_n8000000_q1000000_h0_jitter_g8_j8_s17_t8_mwarm.csv
case 33 ok: bench_results/threadmix_sweep8_20260425T111354Z/33_mem_n32000000_q1000000_h50_dense_g1_j0_s1_t8_mcold.csv
case 34 ok: bench_results/threadmix_sweep8_20260425T111354Z/34_mem_n32000000_q1000000_h50_dense_g1_j0_s1_t8_mwarm.csv
case 35 ok: bench_results/threadmix_sweep8_20260425T111354Z/35_mem_n32000000_q1000000_h50_dense_g1_j0_s17_t8_mcold.csv
case 36 ok: bench_results/threadmix_sweep8_20260425T111354Z/36_mem_n32000000_q1000000_h50_dense_g1_j0_s17_t8_mwarm.csv
case 37 ok: bench_results/threadmix_sweep8_20260425T111354Z/37_mem_n32000000_q1000000_h50_jitter_g8_j8_s1_t8_mcold.csv
case 38 ok: bench_results/threadmix_sweep8_20260425T111354Z/38_mem_n32000000_q1000000_h50_jitter_g8_j8_s1_t8_mwarm.csv
case 39 ok: bench_results/threadmix_sweep8_20260425T111354Z/39_mem_n32000000_q1000000_h50_jitter_g8_j8_s17_t8_mcold.csv
case 40 ok: bench_results/threadmix_sweep8_20260425T111354Z/40_mem_n32000000_q1000000_h50_jitter_g8_j8_s17_t8_mwarm.csv
case 41 ok: bench_results/threadmix_sweep8_20260425T111354Z/41_mem_n32000000_q1000000_h0_dense_g1_j0_s1_t8_mcold.csv
case 42 ok: bench_results/threadmix_sweep8_20260425T111354Z/42_mem_n32000000_q1000000_h0_dense_g1_j0_s1_t8_mwarm.csv
case 43 ok: bench_results/threadmix_sweep8_20260425T111354Z/43_mem_n32000000_q1000000_h0_dense_g1_j0_s17_t8_mcold.csv
case 44 ok: bench_results/threadmix_sweep8_20260425T111354Z/44_mem_n32000000_q1000000_h0_dense_g1_j0_s17_t8_mwarm.csv
case 45 ok: bench_results/threadmix_sweep8_20260425T111354Z/45_mem_n32000000_q1000000_h0_jitter_g8_j8_s1_t8_mcold.csv
case 46 ok: bench_results/threadmix_sweep8_20260425T111354Z/46_mem_n32000000_q1000000_h0_jitter_g8_j8_s1_t8_mwarm.csv
case 47 ok: bench_results/threadmix_sweep8_20260425T111354Z/47_mem_n32000000_q1000000_h0_jitter_g8_j8_s17_t8_mcold.csv
case 48 ok: bench_results/threadmix_sweep8_20260425T111354Z/48_mem_n32000000_q1000000_h0_jitter_g8_j8_s17_t8_mwarm.csv
case 49 ok: bench_results/threadmix_sweep8_20260425T111354Z/49_mem_n128000000_q1000000_h50_dense_g1_j0_s1_t8_mcold.csv
case 50 ok: bench_results/threadmix_sweep8_20260425T111354Z/50_mem_n128000000_q1000000_h50_dense_g1_j0_s1_t8_mwarm.csv
case 51 ok: bench_results/threadmix_sweep8_20260425T111354Z/51_mem_n128000000_q1000000_h50_dense_g1_j0_s17_t8_mcold.csv
case 52 ok: bench_results/threadmix_sweep8_20260425T111354Z/52_mem_n128000000_q1000000_h50_dense_g1_j0_s17_t8_mwarm.csv
case 53 ok: bench_results/threadmix_sweep8_20260425T111354Z/53_mem_n128000000_q1000000_h50_jitter_g8_j8_s1_t8_mcold.csv
case 54 ok: bench_results/threadmix_sweep8_20260425T111354Z/54_mem_n128000000_q1000000_h50_jitter_g8_j8_s1_t8_mwarm.csv
case 55 ok: bench_results/threadmix_sweep8_20260425T111354Z/55_mem_n128000000_q1000000_h50_jitter_g8_j8_s17_t8_mcold.csv
case 56 ok: bench_results/threadmix_sweep8_20260425T111354Z/56_mem_n128000000_q1000000_h50_jitter_g8_j8_s17_t8_mwarm.csv
case 57 ok: bench_results/threadmix_sweep8_20260425T111354Z/57_mem_n128000000_q1000000_h0_dense_g1_j0_s1_t8_mcold.csv
case 58 ok: bench_results/threadmix_sweep8_20260425T111354Z/58_mem_n128000000_q1000000_h0_dense_g1_j0_s1_t8_mwarm.csv
case 59 ok: bench_results/threadmix_sweep8_20260425T111354Z/59_mem_n128000000_q1000000_h0_dense_g1_j0_s17_t8_mcold.csv
case 60 ok: bench_results/threadmix_sweep8_20260425T111354Z/60_mem_n128000000_q1000000_h0_dense_g1_j0_s17_t8_mwarm.csv
case 61 ok: bench_results/threadmix_sweep8_20260425T111354Z/61_mem_n128000000_q1000000_h0_jitter_g8_j8_s1_t8_mcold.csv
case 62 ok: bench_results/threadmix_sweep8_20260425T111354Z/62_mem_n128000000_q1000000_h0_jitter_g8_j8_s1_t8_mwarm.csv
case 63 ok: bench_results/threadmix_sweep8_20260425T111354Z/63_mem_n128000000_q1000000_h0_jitter_g8_j8_s17_t8_mcold.csv
case 64 ok: bench_results/threadmix_sweep8_20260425T111354Z/64_mem_n128000000_q1000000_h0_jitter_g8_j8_s17_t8_mwarm.csv
completed cases: 64
summary_csv=bench_results/threadmix_sweep8_20260425T111354Z/memory_ramp_summary.csv
analysis_summary=bench_results/threadmix_sweep8_20260425T111354Z/analysis_summary.md
run_log=bench_results/threadmix_sweep8_20260425T111354Z/memory_ramp.log
