[2026-04-25T11:10:35Z] case=1 profile=mem_n1000000_q1000000_h50_dense_g1_j0_s1_t16_mcold estimated_gib=0.066 mode=cold warmup_runs=0
  benchmark_csv=bench_results/roadmap_mixed_profiles_20260425T111019Z/1_mem_n1000000_q1000000_h50_dense_g1_j0_s1_t16_mcold.csv
  time_metrics=bench_results/roadmap_mixed_profiles_20260425T111019Z/1_mem_n1000000_q1000000_h50_dense_g1_j0_s1_t16_mcold.time.txt
[2026-04-25T11:10:35Z] case=2 profile=mem_n1000000_q1000000_h50_dense_g1_j0_s1_t16_mwarm estimated_gib=0.066 mode=warm warmup_runs=1
  benchmark_csv=bench_results/roadmap_mixed_profiles_20260425T111019Z/2_mem_n1000000_q1000000_h50_dense_g1_j0_s1_t16_mwarm.csv
  time_metrics=bench_results/roadmap_mixed_profiles_20260425T111019Z/2_mem_n1000000_q1000000_h50_dense_g1_j0_s1_t16_mwarm.time.txt
[2026-04-25T11:10:35Z] case=3 profile=mem_n1000000_q1000000_h50_dense_g1_j0_s17_t16_mcold estimated_gib=0.066 mode=cold warmup_runs=0
  benchmark_csv=bench_results/roadmap_mixed_profiles_20260425T111019Z/3_mem_n1000000_q1000000_h50_dense_g1_j0_s17_t16_mcold.csv
  time_metrics=bench_results/roadmap_mixed_profiles_20260425T111019Z/3_mem_n1000000_q1000000_h50_dense_g1_j0_s17_t16_mcold.time.txt
[2026-04-25T11:10:36Z] case=4 profile=mem_n1000000_q1000000_h50_dense_g1_j0_s17_t16_mwarm estimated_gib=0.066 mode=warm warmup_runs=1
  benchmark_csv=bench_results/roadmap_mixed_profiles_20260425T111019Z/4_mem_n1000000_q1000000_h50_dense_g1_j0_s17_t16_mwarm.csv
  time_metrics=bench_results/roadmap_mixed_profiles_20260425T111019Z/4_mem_n1000000_q1000000_h50_dense_g1_j0_s17_t16_mwarm.time.txt
[2026-04-25T11:10:36Z] case=5 profile=mem_n1000000_q1000000_h50_jitter_g8_j8_s1_t16_mcold estimated_gib=0.066 mode=cold warmup_runs=0
  benchmark_csv=bench_results/roadmap_mixed_profiles_20260425T111019Z/5_mem_n1000000_q1000000_h50_jitter_g8_j8_s1_t16_mcold.csv
  time_metrics=bench_results/roadmap_mixed_profiles_20260425T111019Z/5_mem_n1000000_q1000000_h50_jitter_g8_j8_s1_t16_mcold.time.txt
[2026-04-25T11:10:36Z] case=6 profile=mem_n1000000_q1000000_h50_jitter_g8_j8_s1_t16_mwarm estimated_gib=0.066 mode=warm warmup_runs=1
  benchmark_csv=bench_results/roadmap_mixed_profiles_20260425T111019Z/6_mem_n1000000_q1000000_h50_jitter_g8_j8_s1_t16_mwarm.csv
  time_metrics=bench_results/roadmap_mixed_profiles_20260425T111019Z/6_mem_n1000000_q1000000_h50_jitter_g8_j8_s1_t16_mwarm.time.txt
[2026-04-25T11:10:36Z] case=7 profile=mem_n1000000_q1000000_h50_jitter_g8_j8_s17_t16_mcold estimated_gib=0.066 mode=cold warmup_runs=0
  benchmark_csv=bench_results/roadmap_mixed_profiles_20260425T111019Z/7_mem_n1000000_q1000000_h50_jitter_g8_j8_s17_t16_mcold.csv
  time_metrics=bench_results/roadmap_mixed_profiles_20260425T111019Z/7_mem_n1000000_q1000000_h50_jitter_g8_j8_s17_t16_mcold.time.txt
[2026-04-25T11:10:36Z] case=8 profile=mem_n1000000_q1000000_h50_jitter_g8_j8_s17_t16_mwarm estimated_gib=0.066 mode=warm warmup_runs=1
  benchmark_csv=bench_results/roadmap_mixed_profiles_20260425T111019Z/8_mem_n1000000_q1000000_h50_jitter_g8_j8_s17_t16_mwarm.csv
  time_metrics=bench_results/roadmap_mixed_profiles_20260425T111019Z/8_mem_n1000000_q1000000_h50_jitter_g8_j8_s17_t16_mwarm.time.txt
[2026-04-25T11:10:37Z] case=9 profile=mem_n1000000_q1000000_h0_dense_g1_j0_s1_t16_mcold estimated_gib=0.066 mode=cold warmup_runs=0
  benchmark_csv=bench_results/roadmap_mixed_profiles_20260425T111019Z/9_mem_n1000000_q1000000_h0_dense_g1_j0_s1_t16_mcold.csv
  time_metrics=bench_results/roadmap_mixed_profiles_20260425T111019Z/9_mem_n1000000_q1000000_h0_dense_g1_j0_s1_t16_mcold.time.txt
[2026-04-25T11:10:37Z] case=10 profile=mem_n1000000_q1000000_h0_dense_g1_j0_s1_t16_mwarm estimated_gib=0.066 mode=warm warmup_runs=1
  benchmark_csv=bench_results/roadmap_mixed_profiles_20260425T111019Z/10_mem_n1000000_q1000000_h0_dense_g1_j0_s1_t16_mwarm.csv
  time_metrics=bench_results/roadmap_mixed_profiles_20260425T111019Z/10_mem_n1000000_q1000000_h0_dense_g1_j0_s1_t16_mwarm.time.txt
[2026-04-25T11:10:37Z] case=11 profile=mem_n1000000_q1000000_h0_dense_g1_j0_s17_t16_mcold estimated_gib=0.066 mode=cold warmup_runs=0
  benchmark_csv=bench_results/roadmap_mixed_profiles_20260425T111019Z/11_mem_n1000000_q1000000_h0_dense_g1_j0_s17_t16_mcold.csv
  time_metrics=bench_results/roadmap_mixed_profiles_20260425T111019Z/11_mem_n1000000_q1000000_h0_dense_g1_j0_s17_t16_mcold.time.txt
[2026-04-25T11:10:37Z] case=12 profile=mem_n1000000_q1000000_h0_dense_g1_j0_s17_t16_mwarm estimated_gib=0.066 mode=warm warmup_runs=1
  benchmark_csv=bench_results/roadmap_mixed_profiles_20260425T111019Z/12_mem_n1000000_q1000000_h0_dense_g1_j0_s17_t16_mwarm.csv
  time_metrics=bench_results/roadmap_mixed_profiles_20260425T111019Z/12_mem_n1000000_q1000000_h0_dense_g1_j0_s17_t16_mwarm.time.txt
[2026-04-25T11:10:37Z] case=13 profile=mem_n1000000_q1000000_h0_jitter_g8_j8_s1_t16_mcold estimated_gib=0.066 mode=cold warmup_runs=0
  benchmark_csv=bench_results/roadmap_mixed_profiles_20260425T111019Z/13_mem_n1000000_q1000000_h0_jitter_g8_j8_s1_t16_mcold.csv
  time_metrics=bench_results/roadmap_mixed_profiles_20260425T111019Z/13_mem_n1000000_q1000000_h0_jitter_g8_j8_s1_t16_mcold.time.txt
[2026-04-25T11:10:37Z] case=14 profile=mem_n1000000_q1000000_h0_jitter_g8_j8_s1_t16_mwarm estimated_gib=0.066 mode=warm warmup_runs=1
  benchmark_csv=bench_results/roadmap_mixed_profiles_20260425T111019Z/14_mem_n1000000_q1000000_h0_jitter_g8_j8_s1_t16_mwarm.csv
  time_metrics=bench_results/roadmap_mixed_profiles_20260425T111019Z/14_mem_n1000000_q1000000_h0_jitter_g8_j8_s1_t16_mwarm.time.txt
[2026-04-25T11:10:37Z] case=15 profile=mem_n1000000_q1000000_h0_jitter_g8_j8_s17_t16_mcold estimated_gib=0.066 mode=cold warmup_runs=0
  benchmark_csv=bench_results/roadmap_mixed_profiles_20260425T111019Z/15_mem_n1000000_q1000000_h0_jitter_g8_j8_s17_t16_mcold.csv
  time_metrics=bench_results/roadmap_mixed_profiles_20260425T111019Z/15_mem_n1000000_q1000000_h0_jitter_g8_j8_s17_t16_mcold.time.txt
[2026-04-25T11:10:37Z] case=16 profile=mem_n1000000_q1000000_h0_jitter_g8_j8_s17_t16_mwarm estimated_gib=0.066 mode=warm warmup_runs=1
  benchmark_csv=bench_results/roadmap_mixed_profiles_20260425T111019Z/16_mem_n1000000_q1000000_h0_jitter_g8_j8_s17_t16_mwarm.csv
  time_metrics=bench_results/roadmap_mixed_profiles_20260425T111019Z/16_mem_n1000000_q1000000_h0_jitter_g8_j8_s17_t16_mwarm.time.txt
[2026-04-25T11:10:38Z] case=17 profile=mem_n8000000_q1000000_h50_dense_g1_j0_s1_t16_mcold estimated_gib=0.123 mode=cold warmup_runs=0
  benchmark_csv=bench_results/roadmap_mixed_profiles_20260425T111019Z/17_mem_n8000000_q1000000_h50_dense_g1_j0_s1_t16_mcold.csv
  time_metrics=bench_results/roadmap_mixed_profiles_20260425T111019Z/17_mem_n8000000_q1000000_h50_dense_g1_j0_s1_t16_mcold.time.txt
[2026-04-25T11:10:38Z] case=18 profile=mem_n8000000_q1000000_h50_dense_g1_j0_s1_t16_mwarm estimated_gib=0.123 mode=warm warmup_runs=1
  benchmark_csv=bench_results/roadmap_mixed_profiles_20260425T111019Z/18_mem_n8000000_q1000000_h50_dense_g1_j0_s1_t16_mwarm.csv
  time_metrics=bench_results/roadmap_mixed_profiles_20260425T111019Z/18_mem_n8000000_q1000000_h50_dense_g1_j0_s1_t16_mwarm.time.txt
[2026-04-25T11:10:38Z] case=19 profile=mem_n8000000_q1000000_h50_dense_g1_j0_s17_t16_mcold estimated_gib=0.123 mode=cold warmup_runs=0
  benchmark_csv=bench_results/roadmap_mixed_profiles_20260425T111019Z/19_mem_n8000000_q1000000_h50_dense_g1_j0_s17_t16_mcold.csv
  time_metrics=bench_results/roadmap_mixed_profiles_20260425T111019Z/19_mem_n8000000_q1000000_h50_dense_g1_j0_s17_t16_mcold.time.txt
[2026-04-25T11:10:38Z] case=20 profile=mem_n8000000_q1000000_h50_dense_g1_j0_s17_t16_mwarm estimated_gib=0.123 mode=warm warmup_runs=1
  benchmark_csv=bench_results/roadmap_mixed_profiles_20260425T111019Z/20_mem_n8000000_q1000000_h50_dense_g1_j0_s17_t16_mwarm.csv
  time_metrics=bench_results/roadmap_mixed_profiles_20260425T111019Z/20_mem_n8000000_q1000000_h50_dense_g1_j0_s17_t16_mwarm.time.txt
[2026-04-25T11:10:39Z] case=21 profile=mem_n8000000_q1000000_h50_jitter_g8_j8_s1_t16_mcold estimated_gib=0.123 mode=cold warmup_runs=0
  benchmark_csv=bench_results/roadmap_mixed_profiles_20260425T111019Z/21_mem_n8000000_q1000000_h50_jitter_g8_j8_s1_t16_mcold.csv
  time_metrics=bench_results/roadmap_mixed_profiles_20260425T111019Z/21_mem_n8000000_q1000000_h50_jitter_g8_j8_s1_t16_mcold.time.txt
[2026-04-25T11:10:39Z] case=22 profile=mem_n8000000_q1000000_h50_jitter_g8_j8_s1_t16_mwarm estimated_gib=0.123 mode=warm warmup_runs=1
  benchmark_csv=bench_results/roadmap_mixed_profiles_20260425T111019Z/22_mem_n8000000_q1000000_h50_jitter_g8_j8_s1_t16_mwarm.csv
  time_metrics=bench_results/roadmap_mixed_profiles_20260425T111019Z/22_mem_n8000000_q1000000_h50_jitter_g8_j8_s1_t16_mwarm.time.txt
[2026-04-25T11:10:39Z] case=23 profile=mem_n8000000_q1000000_h50_jitter_g8_j8_s17_t16_mcold estimated_gib=0.123 mode=cold warmup_runs=0
  benchmark_csv=bench_results/roadmap_mixed_profiles_20260425T111019Z/23_mem_n8000000_q1000000_h50_jitter_g8_j8_s17_t16_mcold.csv
  time_metrics=bench_results/roadmap_mixed_profiles_20260425T111019Z/23_mem_n8000000_q1000000_h50_jitter_g8_j8_s17_t16_mcold.time.txt
[2026-04-25T11:10:39Z] case=24 profile=mem_n8000000_q1000000_h50_jitter_g8_j8_s17_t16_mwarm estimated_gib=0.123 mode=warm warmup_runs=1
  benchmark_csv=bench_results/roadmap_mixed_profiles_20260425T111019Z/24_mem_n8000000_q1000000_h50_jitter_g8_j8_s17_t16_mwarm.csv
  time_metrics=bench_results/roadmap_mixed_profiles_20260425T111019Z/24_mem_n8000000_q1000000_h50_jitter_g8_j8_s17_t16_mwarm.time.txt
[2026-04-25T11:10:40Z] case=25 profile=mem_n8000000_q1000000_h0_dense_g1_j0_s1_t16_mcold estimated_gib=0.123 mode=cold warmup_runs=0
  benchmark_csv=bench_results/roadmap_mixed_profiles_20260425T111019Z/25_mem_n8000000_q1000000_h0_dense_g1_j0_s1_t16_mcold.csv
  time_metrics=bench_results/roadmap_mixed_profiles_20260425T111019Z/25_mem_n8000000_q1000000_h0_dense_g1_j0_s1_t16_mcold.time.txt
[2026-04-25T11:10:40Z] case=26 profile=mem_n8000000_q1000000_h0_dense_g1_j0_s1_t16_mwarm estimated_gib=0.123 mode=warm warmup_runs=1
  benchmark_csv=bench_results/roadmap_mixed_profiles_20260425T111019Z/26_mem_n8000000_q1000000_h0_dense_g1_j0_s1_t16_mwarm.csv
  time_metrics=bench_results/roadmap_mixed_profiles_20260425T111019Z/26_mem_n8000000_q1000000_h0_dense_g1_j0_s1_t16_mwarm.time.txt
[2026-04-25T11:10:40Z] case=27 profile=mem_n8000000_q1000000_h0_dense_g1_j0_s17_t16_mcold estimated_gib=0.123 mode=cold warmup_runs=0
  benchmark_csv=bench_results/roadmap_mixed_profiles_20260425T111019Z/27_mem_n8000000_q1000000_h0_dense_g1_j0_s17_t16_mcold.csv
  time_metrics=bench_results/roadmap_mixed_profiles_20260425T111019Z/27_mem_n8000000_q1000000_h0_dense_g1_j0_s17_t16_mcold.time.txt
[2026-04-25T11:10:40Z] case=28 profile=mem_n8000000_q1000000_h0_dense_g1_j0_s17_t16_mwarm estimated_gib=0.123 mode=warm warmup_runs=1
  benchmark_csv=bench_results/roadmap_mixed_profiles_20260425T111019Z/28_mem_n8000000_q1000000_h0_dense_g1_j0_s17_t16_mwarm.csv
  time_metrics=bench_results/roadmap_mixed_profiles_20260425T111019Z/28_mem_n8000000_q1000000_h0_dense_g1_j0_s17_t16_mwarm.time.txt
[2026-04-25T11:10:40Z] case=29 profile=mem_n8000000_q1000000_h0_jitter_g8_j8_s1_t16_mcold estimated_gib=0.123 mode=cold warmup_runs=0
  benchmark_csv=bench_results/roadmap_mixed_profiles_20260425T111019Z/29_mem_n8000000_q1000000_h0_jitter_g8_j8_s1_t16_mcold.csv
  time_metrics=bench_results/roadmap_mixed_profiles_20260425T111019Z/29_mem_n8000000_q1000000_h0_jitter_g8_j8_s1_t16_mcold.time.txt
[2026-04-25T11:10:40Z] case=30 profile=mem_n8000000_q1000000_h0_jitter_g8_j8_s1_t16_mwarm estimated_gib=0.123 mode=warm warmup_runs=1
  benchmark_csv=bench_results/roadmap_mixed_profiles_20260425T111019Z/30_mem_n8000000_q1000000_h0_jitter_g8_j8_s1_t16_mwarm.csv
  time_metrics=bench_results/roadmap_mixed_profiles_20260425T111019Z/30_mem_n8000000_q1000000_h0_jitter_g8_j8_s1_t16_mwarm.time.txt
[2026-04-25T11:10:41Z] case=31 profile=mem_n8000000_q1000000_h0_jitter_g8_j8_s17_t16_mcold estimated_gib=0.123 mode=cold warmup_runs=0
  benchmark_csv=bench_results/roadmap_mixed_profiles_20260425T111019Z/31_mem_n8000000_q1000000_h0_jitter_g8_j8_s17_t16_mcold.csv
  time_metrics=bench_results/roadmap_mixed_profiles_20260425T111019Z/31_mem_n8000000_q1000000_h0_jitter_g8_j8_s17_t16_mcold.time.txt
[2026-04-25T11:10:41Z] case=32 profile=mem_n8000000_q1000000_h0_jitter_g8_j8_s17_t16_mwarm estimated_gib=0.123 mode=warm warmup_runs=1
  benchmark_csv=bench_results/roadmap_mixed_profiles_20260425T111019Z/32_mem_n8000000_q1000000_h0_jitter_g8_j8_s17_t16_mwarm.csv
  time_metrics=bench_results/roadmap_mixed_profiles_20260425T111019Z/32_mem_n8000000_q1000000_h0_jitter_g8_j8_s17_t16_mwarm.time.txt
[2026-04-25T11:10:41Z] case=33 profile=mem_n32000000_q1000000_h50_dense_g1_j0_s1_t16_mcold estimated_gib=0.320 mode=cold warmup_runs=0
  benchmark_csv=bench_results/roadmap_mixed_profiles_20260425T111019Z/33_mem_n32000000_q1000000_h50_dense_g1_j0_s1_t16_mcold.csv
  time_metrics=bench_results/roadmap_mixed_profiles_20260425T111019Z/33_mem_n32000000_q1000000_h50_dense_g1_j0_s1_t16_mcold.time.txt
[2026-04-25T11:10:41Z] case=34 profile=mem_n32000000_q1000000_h50_dense_g1_j0_s1_t16_mwarm estimated_gib=0.320 mode=warm warmup_runs=1
  benchmark_csv=bench_results/roadmap_mixed_profiles_20260425T111019Z/34_mem_n32000000_q1000000_h50_dense_g1_j0_s1_t16_mwarm.csv
  time_metrics=bench_results/roadmap_mixed_profiles_20260425T111019Z/34_mem_n32000000_q1000000_h50_dense_g1_j0_s1_t16_mwarm.time.txt
[2026-04-25T11:10:42Z] case=35 profile=mem_n32000000_q1000000_h50_dense_g1_j0_s17_t16_mcold estimated_gib=0.320 mode=cold warmup_runs=0
  benchmark_csv=bench_results/roadmap_mixed_profiles_20260425T111019Z/35_mem_n32000000_q1000000_h50_dense_g1_j0_s17_t16_mcold.csv
  time_metrics=bench_results/roadmap_mixed_profiles_20260425T111019Z/35_mem_n32000000_q1000000_h50_dense_g1_j0_s17_t16_mcold.time.txt
[2026-04-25T11:10:42Z] case=36 profile=mem_n32000000_q1000000_h50_dense_g1_j0_s17_t16_mwarm estimated_gib=0.320 mode=warm warmup_runs=1
  benchmark_csv=bench_results/roadmap_mixed_profiles_20260425T111019Z/36_mem_n32000000_q1000000_h50_dense_g1_j0_s17_t16_mwarm.csv
  time_metrics=bench_results/roadmap_mixed_profiles_20260425T111019Z/36_mem_n32000000_q1000000_h50_dense_g1_j0_s17_t16_mwarm.time.txt
[2026-04-25T11:10:42Z] case=37 profile=mem_n32000000_q1000000_h50_jitter_g8_j8_s1_t16_mcold estimated_gib=0.320 mode=cold warmup_runs=0
  benchmark_csv=bench_results/roadmap_mixed_profiles_20260425T111019Z/37_mem_n32000000_q1000000_h50_jitter_g8_j8_s1_t16_mcold.csv
  time_metrics=bench_results/roadmap_mixed_profiles_20260425T111019Z/37_mem_n32000000_q1000000_h50_jitter_g8_j8_s1_t16_mcold.time.txt
[2026-04-25T11:10:43Z] case=38 profile=mem_n32000000_q1000000_h50_jitter_g8_j8_s1_t16_mwarm estimated_gib=0.320 mode=warm warmup_runs=1
  benchmark_csv=bench_results/roadmap_mixed_profiles_20260425T111019Z/38_mem_n32000000_q1000000_h50_jitter_g8_j8_s1_t16_mwarm.csv
  time_metrics=bench_results/roadmap_mixed_profiles_20260425T111019Z/38_mem_n32000000_q1000000_h50_jitter_g8_j8_s1_t16_mwarm.time.txt
[2026-04-25T11:10:43Z] case=39 profile=mem_n32000000_q1000000_h50_jitter_g8_j8_s17_t16_mcold estimated_gib=0.320 mode=cold warmup_runs=0
  benchmark_csv=bench_results/roadmap_mixed_profiles_20260425T111019Z/39_mem_n32000000_q1000000_h50_jitter_g8_j8_s17_t16_mcold.csv
  time_metrics=bench_results/roadmap_mixed_profiles_20260425T111019Z/39_mem_n32000000_q1000000_h50_jitter_g8_j8_s17_t16_mcold.time.txt
[2026-04-25T11:10:43Z] case=40 profile=mem_n32000000_q1000000_h50_jitter_g8_j8_s17_t16_mwarm estimated_gib=0.320 mode=warm warmup_runs=1
  benchmark_csv=bench_results/roadmap_mixed_profiles_20260425T111019Z/40_mem_n32000000_q1000000_h50_jitter_g8_j8_s17_t16_mwarm.csv
  time_metrics=bench_results/roadmap_mixed_profiles_20260425T111019Z/40_mem_n32000000_q1000000_h50_jitter_g8_j8_s17_t16_mwarm.time.txt
[2026-04-25T11:10:44Z] case=41 profile=mem_n32000000_q1000000_h0_dense_g1_j0_s1_t16_mcold estimated_gib=0.320 mode=cold warmup_runs=0
  benchmark_csv=bench_results/roadmap_mixed_profiles_20260425T111019Z/41_mem_n32000000_q1000000_h0_dense_g1_j0_s1_t16_mcold.csv
  time_metrics=bench_results/roadmap_mixed_profiles_20260425T111019Z/41_mem_n32000000_q1000000_h0_dense_g1_j0_s1_t16_mcold.time.txt
[2026-04-25T11:10:44Z] case=42 profile=mem_n32000000_q1000000_h0_dense_g1_j0_s1_t16_mwarm estimated_gib=0.320 mode=warm warmup_runs=1
  benchmark_csv=bench_results/roadmap_mixed_profiles_20260425T111019Z/42_mem_n32000000_q1000000_h0_dense_g1_j0_s1_t16_mwarm.csv
  time_metrics=bench_results/roadmap_mixed_profiles_20260425T111019Z/42_mem_n32000000_q1000000_h0_dense_g1_j0_s1_t16_mwarm.time.txt
[2026-04-25T11:10:44Z] case=43 profile=mem_n32000000_q1000000_h0_dense_g1_j0_s17_t16_mcold estimated_gib=0.320 mode=cold warmup_runs=0
  benchmark_csv=bench_results/roadmap_mixed_profiles_20260425T111019Z/43_mem_n32000000_q1000000_h0_dense_g1_j0_s17_t16_mcold.csv
  time_metrics=bench_results/roadmap_mixed_profiles_20260425T111019Z/43_mem_n32000000_q1000000_h0_dense_g1_j0_s17_t16_mcold.time.txt
[2026-04-25T11:10:45Z] case=44 profile=mem_n32000000_q1000000_h0_dense_g1_j0_s17_t16_mwarm estimated_gib=0.320 mode=warm warmup_runs=1
  benchmark_csv=bench_results/roadmap_mixed_profiles_20260425T111019Z/44_mem_n32000000_q1000000_h0_dense_g1_j0_s17_t16_mwarm.csv
  time_metrics=bench_results/roadmap_mixed_profiles_20260425T111019Z/44_mem_n32000000_q1000000_h0_dense_g1_j0_s17_t16_mwarm.time.txt
[2026-04-25T11:10:45Z] case=45 profile=mem_n32000000_q1000000_h0_jitter_g8_j8_s1_t16_mcold estimated_gib=0.320 mode=cold warmup_runs=0
  benchmark_csv=bench_results/roadmap_mixed_profiles_20260425T111019Z/45_mem_n32000000_q1000000_h0_jitter_g8_j8_s1_t16_mcold.csv
  time_metrics=bench_results/roadmap_mixed_profiles_20260425T111019Z/45_mem_n32000000_q1000000_h0_jitter_g8_j8_s1_t16_mcold.time.txt
[2026-04-25T11:10:45Z] case=46 profile=mem_n32000000_q1000000_h0_jitter_g8_j8_s1_t16_mwarm estimated_gib=0.320 mode=warm warmup_runs=1
  benchmark_csv=bench_results/roadmap_mixed_profiles_20260425T111019Z/46_mem_n32000000_q1000000_h0_jitter_g8_j8_s1_t16_mwarm.csv
  time_metrics=bench_results/roadmap_mixed_profiles_20260425T111019Z/46_mem_n32000000_q1000000_h0_jitter_g8_j8_s1_t16_mwarm.time.txt
[2026-04-25T11:10:45Z] case=47 profile=mem_n32000000_q1000000_h0_jitter_g8_j8_s17_t16_mcold estimated_gib=0.320 mode=cold warmup_runs=0
  benchmark_csv=bench_results/roadmap_mixed_profiles_20260425T111019Z/47_mem_n32000000_q1000000_h0_jitter_g8_j8_s17_t16_mcold.csv
  time_metrics=bench_results/roadmap_mixed_profiles_20260425T111019Z/47_mem_n32000000_q1000000_h0_jitter_g8_j8_s17_t16_mcold.time.txt
[2026-04-25T11:10:46Z] case=48 profile=mem_n32000000_q1000000_h0_jitter_g8_j8_s17_t16_mwarm estimated_gib=0.320 mode=warm warmup_runs=1
  benchmark_csv=bench_results/roadmap_mixed_profiles_20260425T111019Z/48_mem_n32000000_q1000000_h0_jitter_g8_j8_s17_t16_mwarm.csv
  time_metrics=bench_results/roadmap_mixed_profiles_20260425T111019Z/48_mem_n32000000_q1000000_h0_jitter_g8_j8_s17_t16_mwarm.time.txt
[2026-04-25T11:10:46Z] case=49 profile=mem_n128000000_q1000000_h50_dense_g1_j0_s1_t16_mcold estimated_gib=1.106 mode=cold warmup_runs=0
  benchmark_csv=bench_results/roadmap_mixed_profiles_20260425T111019Z/49_mem_n128000000_q1000000_h50_dense_g1_j0_s1_t16_mcold.csv
  time_metrics=bench_results/roadmap_mixed_profiles_20260425T111019Z/49_mem_n128000000_q1000000_h50_dense_g1_j0_s1_t16_mcold.time.txt
[2026-04-25T11:10:47Z] case=50 profile=mem_n128000000_q1000000_h50_dense_g1_j0_s1_t16_mwarm estimated_gib=1.106 mode=warm warmup_runs=1
  benchmark_csv=bench_results/roadmap_mixed_profiles_20260425T111019Z/50_mem_n128000000_q1000000_h50_dense_g1_j0_s1_t16_mwarm.csv
  time_metrics=bench_results/roadmap_mixed_profiles_20260425T111019Z/50_mem_n128000000_q1000000_h50_dense_g1_j0_s1_t16_mwarm.time.txt
[2026-04-25T11:10:47Z] case=51 profile=mem_n128000000_q1000000_h50_dense_g1_j0_s17_t16_mcold estimated_gib=1.106 mode=cold warmup_runs=0
  benchmark_csv=bench_results/roadmap_mixed_profiles_20260425T111019Z/51_mem_n128000000_q1000000_h50_dense_g1_j0_s17_t16_mcold.csv
  time_metrics=bench_results/roadmap_mixed_profiles_20260425T111019Z/51_mem_n128000000_q1000000_h50_dense_g1_j0_s17_t16_mcold.time.txt
[2026-04-25T11:10:48Z] case=52 profile=mem_n128000000_q1000000_h50_dense_g1_j0_s17_t16_mwarm estimated_gib=1.106 mode=warm warmup_runs=1
  benchmark_csv=bench_results/roadmap_mixed_profiles_20260425T111019Z/52_mem_n128000000_q1000000_h50_dense_g1_j0_s17_t16_mwarm.csv
  time_metrics=bench_results/roadmap_mixed_profiles_20260425T111019Z/52_mem_n128000000_q1000000_h50_dense_g1_j0_s17_t16_mwarm.time.txt
[2026-04-25T11:10:49Z] case=53 profile=mem_n128000000_q1000000_h50_jitter_g8_j8_s1_t16_mcold estimated_gib=1.106 mode=cold warmup_runs=0
  benchmark_csv=bench_results/roadmap_mixed_profiles_20260425T111019Z/53_mem_n128000000_q1000000_h50_jitter_g8_j8_s1_t16_mcold.csv
  time_metrics=bench_results/roadmap_mixed_profiles_20260425T111019Z/53_mem_n128000000_q1000000_h50_jitter_g8_j8_s1_t16_mcold.time.txt
[2026-04-25T11:10:49Z] case=54 profile=mem_n128000000_q1000000_h50_jitter_g8_j8_s1_t16_mwarm estimated_gib=1.106 mode=warm warmup_runs=1
  benchmark_csv=bench_results/roadmap_mixed_profiles_20260425T111019Z/54_mem_n128000000_q1000000_h50_jitter_g8_j8_s1_t16_mwarm.csv
  time_metrics=bench_results/roadmap_mixed_profiles_20260425T111019Z/54_mem_n128000000_q1000000_h50_jitter_g8_j8_s1_t16_mwarm.time.txt
[2026-04-25T11:10:50Z] case=55 profile=mem_n128000000_q1000000_h50_jitter_g8_j8_s17_t16_mcold estimated_gib=1.106 mode=cold warmup_runs=0
  benchmark_csv=bench_results/roadmap_mixed_profiles_20260425T111019Z/55_mem_n128000000_q1000000_h50_jitter_g8_j8_s17_t16_mcold.csv
  time_metrics=bench_results/roadmap_mixed_profiles_20260425T111019Z/55_mem_n128000000_q1000000_h50_jitter_g8_j8_s17_t16_mcold.time.txt
[2026-04-25T11:10:51Z] case=56 profile=mem_n128000000_q1000000_h50_jitter_g8_j8_s17_t16_mwarm estimated_gib=1.106 mode=warm warmup_runs=1
  benchmark_csv=bench_results/roadmap_mixed_profiles_20260425T111019Z/56_mem_n128000000_q1000000_h50_jitter_g8_j8_s17_t16_mwarm.csv
  time_metrics=bench_results/roadmap_mixed_profiles_20260425T111019Z/56_mem_n128000000_q1000000_h50_jitter_g8_j8_s17_t16_mwarm.time.txt
[2026-04-25T11:10:52Z] case=57 profile=mem_n128000000_q1000000_h0_dense_g1_j0_s1_t16_mcold estimated_gib=1.106 mode=cold warmup_runs=0
  benchmark_csv=bench_results/roadmap_mixed_profiles_20260425T111019Z/57_mem_n128000000_q1000000_h0_dense_g1_j0_s1_t16_mcold.csv
  time_metrics=bench_results/roadmap_mixed_profiles_20260425T111019Z/57_mem_n128000000_q1000000_h0_dense_g1_j0_s1_t16_mcold.time.txt
[2026-04-25T11:10:52Z] case=58 profile=mem_n128000000_q1000000_h0_dense_g1_j0_s1_t16_mwarm estimated_gib=1.106 mode=warm warmup_runs=1
  benchmark_csv=bench_results/roadmap_mixed_profiles_20260425T111019Z/58_mem_n128000000_q1000000_h0_dense_g1_j0_s1_t16_mwarm.csv
  time_metrics=bench_results/roadmap_mixed_profiles_20260425T111019Z/58_mem_n128000000_q1000000_h0_dense_g1_j0_s1_t16_mwarm.time.txt
[2026-04-25T11:10:53Z] case=59 profile=mem_n128000000_q1000000_h0_dense_g1_j0_s17_t16_mcold estimated_gib=1.106 mode=cold warmup_runs=0
  benchmark_csv=bench_results/roadmap_mixed_profiles_20260425T111019Z/59_mem_n128000000_q1000000_h0_dense_g1_j0_s17_t16_mcold.csv
  time_metrics=bench_results/roadmap_mixed_profiles_20260425T111019Z/59_mem_n128000000_q1000000_h0_dense_g1_j0_s17_t16_mcold.time.txt
[2026-04-25T11:10:54Z] case=60 profile=mem_n128000000_q1000000_h0_dense_g1_j0_s17_t16_mwarm estimated_gib=1.106 mode=warm warmup_runs=1
  benchmark_csv=bench_results/roadmap_mixed_profiles_20260425T111019Z/60_mem_n128000000_q1000000_h0_dense_g1_j0_s17_t16_mwarm.csv
  time_metrics=bench_results/roadmap_mixed_profiles_20260425T111019Z/60_mem_n128000000_q1000000_h0_dense_g1_j0_s17_t16_mwarm.time.txt
[2026-04-25T11:10:54Z] case=61 profile=mem_n128000000_q1000000_h0_jitter_g8_j8_s1_t16_mcold estimated_gib=1.106 mode=cold warmup_runs=0
  benchmark_csv=bench_results/roadmap_mixed_profiles_20260425T111019Z/61_mem_n128000000_q1000000_h0_jitter_g8_j8_s1_t16_mcold.csv
  time_metrics=bench_results/roadmap_mixed_profiles_20260425T111019Z/61_mem_n128000000_q1000000_h0_jitter_g8_j8_s1_t16_mcold.time.txt
[2026-04-25T11:10:55Z] case=62 profile=mem_n128000000_q1000000_h0_jitter_g8_j8_s1_t16_mwarm estimated_gib=1.106 mode=warm warmup_runs=1
  benchmark_csv=bench_results/roadmap_mixed_profiles_20260425T111019Z/62_mem_n128000000_q1000000_h0_jitter_g8_j8_s1_t16_mwarm.csv
  time_metrics=bench_results/roadmap_mixed_profiles_20260425T111019Z/62_mem_n128000000_q1000000_h0_jitter_g8_j8_s1_t16_mwarm.time.txt
[2026-04-25T11:10:56Z] case=63 profile=mem_n128000000_q1000000_h0_jitter_g8_j8_s17_t16_mcold estimated_gib=1.106 mode=cold warmup_runs=0
  benchmark_csv=bench_results/roadmap_mixed_profiles_20260425T111019Z/63_mem_n128000000_q1000000_h0_jitter_g8_j8_s17_t16_mcold.csv
  time_metrics=bench_results/roadmap_mixed_profiles_20260425T111019Z/63_mem_n128000000_q1000000_h0_jitter_g8_j8_s17_t16_mcold.time.txt
[2026-04-25T11:10:56Z] case=64 profile=mem_n128000000_q1000000_h0_jitter_g8_j8_s17_t16_mwarm estimated_gib=1.106 mode=warm warmup_runs=1
  benchmark_csv=bench_results/roadmap_mixed_profiles_20260425T111019Z/64_mem_n128000000_q1000000_h0_jitter_g8_j8_s17_t16_mwarm.csv
  time_metrics=bench_results/roadmap_mixed_profiles_20260425T111019Z/64_mem_n128000000_q1000000_h0_jitter_g8_j8_s17_t16_mwarm.time.txt
