case 1 ok: bench_results/roadmap_mixed_profiles_20260425T111019Z/1_mem_n1000000_q1000000_h50_dense_g1_j0_s1_t16_mcold.csv
case 2 ok: bench_results/roadmap_mixed_profiles_20260425T111019Z/2_mem_n1000000_q1000000_h50_dense_g1_j0_s1_t16_mwarm.csv
case 3 ok: bench_results/roadmap_mixed_profiles_20260425T111019Z/3_mem_n1000000_q1000000_h50_dense_g1_j0_s17_t16_mcold.csv
case 4 ok: bench_results/roadmap_mixed_profiles_20260425T111019Z/4_mem_n1000000_q1000000_h50_dense_g1_j0_s17_t16_mwarm.csv
case 5 ok: bench_results/roadmap_mixed_profiles_20260425T111019Z/5_mem_n1000000_q1000000_h50_jitter_g8_j8_s1_t16_mcold.csv
case 6 ok: bench_results/roadmap_mixed_profiles_20260425T111019Z/6_mem_n1000000_q1000000_h50_jitter_g8_j8_s1_t16_mwarm.csv
case 7 ok: bench_results/roadmap_mixed_profiles_20260425T111019Z/7_mem_n1000000_q1000000_h50_jitter_g8_j8_s17_t16_mcold.csv
case 8 ok: bench_results/roadmap_mixed_profiles_20260425T111019Z/8_mem_n1000000_q1000000_h50_jitter_g8_j8_s17_t16_mwarm.csv
case 9 ok: bench_results/roadmap_mixed_profiles_20260425T111019Z/9_mem_n1000000_q1000000_h0_dense_g1_j0_s1_t16_mcold.csv
case 10 ok: bench_results/roadmap_mixed_profiles_20260425T111019Z/10_mem_n1000000_q1000000_h0_dense_g1_j0_s1_t16_mwarm.csv
case 11 ok: bench_results/roadmap_mixed_profiles_20260425T111019Z/11_mem_n1000000_q1000000_h0_dense_g1_j0_s17_t16_mcold.csv
case 12 ok: bench_results/roadmap_mixed_profiles_20260425T111019Z/12_mem_n1000000_q1000000_h0_dense_g1_j0_s17_t16_mwarm.csv
case 13 ok: bench_results/roadmap_mixed_profiles_20260425T111019Z/13_mem_n1000000_q1000000_h0_jitter_g8_j8_s1_t16_mcold.csv
case 14 ok: bench_results/roadmap_mixed_profiles_20260425T111019Z/14_mem_n1000000_q1000000_h0_jitter_g8_j8_s1_t16_mwarm.csv
case 15 ok: bench_results/roadmap_mixed_profiles_20260425T111019Z/15_mem_n1000000_q1000000_h0_jitter_g8_j8_s17_t16_mcold.csv
case 16 ok: bench_results/roadmap_mixed_profiles_20260425T111019Z/16_mem_n1000000_q1000000_h0_jitter_g8_j8_s17_t16_mwarm.csv
case 17 ok: bench_results/roadmap_mixed_profiles_20260425T111019Z/17_mem_n8000000_q1000000_h50_dense_g1_j0_s1_t16_mcold.csv
case 18 ok: bench_results/roadmap_mixed_profiles_20260425T111019Z/18_mem_n8000000_q1000000_h50_dense_g1_j0_s1_t16_mwarm.csv
case 19 ok: bench_results/roadmap_mixed_profiles_20260425T111019Z/19_mem_n8000000_q1000000_h50_dense_g1_j0_s17_t16_mcold.csv
case 20 ok: bench_results/roadmap_mixed_profiles_20260425T111019Z/20_mem_n8000000_q1000000_h50_dense_g1_j0_s17_t16_mwarm.csv
case 21 ok: bench_results/roadmap_mixed_profiles_20260425T111019Z/21_mem_n8000000_q1000000_h50_jitter_g8_j8_s1_t16_mcold.csv
case 22 ok: bench_results/roadmap_mixed_profiles_20260425T111019Z/22_mem_n8000000_q1000000_h50_jitter_g8_j8_s1_t16_mwarm.csv
case 23 ok: bench_results/roadmap_mixed_profiles_20260425T111019Z/23_mem_n8000000_q1000000_h50_jitter_g8_j8_s17_t16_mcold.csv
case 24 ok: bench_results/roadmap_mixed_profiles_20260425T111019Z/24_mem_n8000000_q1000000_h50_jitter_g8_j8_s17_t16_mwarm.csv
case 25 ok: bench_results/roadmap_mixed_profiles_20260425T111019Z/25_mem_n8000000_q1000000_h0_dense_g1_j0_s1_t16_mcold.csv
case 26 ok: bench_results/roadmap_mixed_profiles_20260425T111019Z/26_mem_n8000000_q1000000_h0_dense_g1_j0_s1_t16_mwarm.csv
case 27 ok: bench_results/roadmap_mixed_profiles_20260425T111019Z/27_mem_n8000000_q1000000_h0_dense_g1_j0_s17_t16_mcold.csv
case 28 ok: bench_results/roadmap_mixed_profiles_20260425T111019Z/28_mem_n8000000_q1000000_h0_dense_g1_j0_s17_t16_mwarm.csv
case 29 ok: bench_results/roadmap_mixed_profiles_20260425T111019Z/29_mem_n8000000_q1000000_h0_jitter_g8_j8_s1_t16_mcold.csv
case 30 ok: bench_results/roadmap_mixed_profiles_20260425T111019Z/30_mem_n8000000_q1000000_h0_jitter_g8_j8_s1_t16_mwarm.csv
case 31 ok: bench_results/roadmap_mixed_profiles_20260425T111019Z/31_mem_n8000000_q1000000_h0_jitter_g8_j8_s17_t16_mcold.csv
case 32 ok: bench_results/roadmap_mixed_profiles_20260425T111019Z/32_mem_n8000000_q1000000_h0_jitter_g8_j8_s17_t16_mwarm.csv
case 33 ok: bench_results/roadmap_mixed_profiles_20260425T111019Z/33_mem_n32000000_q1000000_h50_dense_g1_j0_s1_t16_mcold.csv
case 34 ok: bench_results/roadmap_mixed_profiles_20260425T111019Z/34_mem_n32000000_q1000000_h50_dense_g1_j0_s1_t16_mwarm.csv
case 35 ok: bench_results/roadmap_mixed_profiles_20260425T111019Z/35_mem_n32000000_q1000000_h50_dense_g1_j0_s17_t16_mcold.csv
case 36 ok: bench_results/roadmap_mixed_profiles_20260425T111019Z/36_mem_n32000000_q1000000_h50_dense_g1_j0_s17_t16_mwarm.csv
case 37 ok: bench_results/roadmap_mixed_profiles_20260425T111019Z/37_mem_n32000000_q1000000_h50_jitter_g8_j8_s1_t16_mcold.csv
case 38 ok: bench_results/roadmap_mixed_profiles_20260425T111019Z/38_mem_n32000000_q1000000_h50_jitter_g8_j8_s1_t16_mwarm.csv
case 39 ok: bench_results/roadmap_mixed_profiles_20260425T111019Z/39_mem_n32000000_q1000000_h50_jitter_g8_j8_s17_t16_mcold.csv
case 40 ok: bench_results/roadmap_mixed_profiles_20260425T111019Z/40_mem_n32000000_q1000000_h50_jitter_g8_j8_s17_t16_mwarm.csv
case 41 ok: bench_results/roadmap_mixed_profiles_20260425T111019Z/41_mem_n32000000_q1000000_h0_dense_g1_j0_s1_t16_mcold.csv
case 42 ok: bench_results/roadmap_mixed_profiles_20260425T111019Z/42_mem_n32000000_q1000000_h0_dense_g1_j0_s1_t16_mwarm.csv
case 43 ok: bench_results/roadmap_mixed_profiles_20260425T111019Z/43_mem_n32000000_q1000000_h0_dense_g1_j0_s17_t16_mcold.csv
case 44 ok: bench_results/roadmap_mixed_profiles_20260425T111019Z/44_mem_n32000000_q1000000_h0_dense_g1_j0_s17_t16_mwarm.csv
case 45 ok: bench_results/roadmap_mixed_profiles_20260425T111019Z/45_mem_n32000000_q1000000_h0_jitter_g8_j8_s1_t16_mcold.csv
case 46 ok: bench_results/roadmap_mixed_profiles_20260425T111019Z/46_mem_n32000000_q1000000_h0_jitter_g8_j8_s1_t16_mwarm.csv
case 47 ok: bench_results/roadmap_mixed_profiles_20260425T111019Z/47_mem_n32000000_q1000000_h0_jitter_g8_j8_s17_t16_mcold.csv
case 48 ok: bench_results/roadmap_mixed_profiles_20260425T111019Z/48_mem_n32000000_q1000000_h0_jitter_g8_j8_s17_t16_mwarm.csv
case 49 ok: bench_results/roadmap_mixed_profiles_20260425T111019Z/49_mem_n128000000_q1000000_h50_dense_g1_j0_s1_t16_mcold.csv
case 50 ok: bench_results/roadmap_mixed_profiles_20260425T111019Z/50_mem_n128000000_q1000000_h50_dense_g1_j0_s1_t16_mwarm.csv
case 51 ok: bench_results/roadmap_mixed_profiles_20260425T111019Z/51_mem_n128000000_q1000000_h50_dense_g1_j0_s17_t16_mcold.csv
case 52 ok: bench_results/roadmap_mixed_profiles_20260425T111019Z/52_mem_n128000000_q1000000_h50_dense_g1_j0_s17_t16_mwarm.csv
case 53 ok: bench_results/roadmap_mixed_profiles_20260425T111019Z/53_mem_n128000000_q1000000_h50_jitter_g8_j8_s1_t16_mcold.csv
case 54 ok: bench_results/roadmap_mixed_profiles_20260425T111019Z/54_mem_n128000000_q1000000_h50_jitter_g8_j8_s1_t16_mwarm.csv
case 55 ok: bench_results/roadmap_mixed_profiles_20260425T111019Z/55_mem_n128000000_q1000000_h50_jitter_g8_j8_s17_t16_mcold.csv
case 56 ok: bench_results/roadmap_mixed_profiles_20260425T111019Z/56_mem_n128000000_q1000000_h50_jitter_g8_j8_s17_t16_mwarm.csv
case 57 ok: bench_results/roadmap_mixed_profiles_20260425T111019Z/57_mem_n128000000_q1000000_h0_dense_g1_j0_s1_t16_mcold.csv
case 58 ok: bench_results/roadmap_mixed_profiles_20260425T111019Z/58_mem_n128000000_q1000000_h0_dense_g1_j0_s1_t16_mwarm.csv
case 59 ok: bench_results/roadmap_mixed_profiles_20260425T111019Z/59_mem_n128000000_q1000000_h0_dense_g1_j0_s17_t16_mcold.csv
case 60 ok: bench_results/roadmap_mixed_profiles_20260425T111019Z/60_mem_n128000000_q1000000_h0_dense_g1_j0_s17_t16_mwarm.csv
case 61 ok: bench_results/roadmap_mixed_profiles_20260425T111019Z/61_mem_n128000000_q1000000_h0_jitter_g8_j8_s1_t16_mcold.csv
case 62 ok: bench_results/roadmap_mixed_profiles_20260425T111019Z/62_mem_n128000000_q1000000_h0_jitter_g8_j8_s1_t16_mwarm.csv
case 63 ok: bench_results/roadmap_mixed_profiles_20260425T111019Z/63_mem_n128000000_q1000000_h0_jitter_g8_j8_s17_t16_mcold.csv
case 64 ok: bench_results/roadmap_mixed_profiles_20260425T111019Z/64_mem_n128000000_q1000000_h0_jitter_g8_j8_s17_t16_mwarm.csv
completed cases: 64
summary_csv=bench_results/roadmap_mixed_profiles_20260425T111019Z/memory_ramp_summary.csv
analysis_summary=bench_results/roadmap_mixed_profiles_20260425T111019Z/analysis_summary.md
run_log=bench_results/roadmap_mixed_profiles_20260425T111019Z/memory_ramp.log
