[2026-04-25T11:13:54Z] case=1 profile=mem_n1000000_q1000000_h50_dense_g1_j0_s1_t1_mcold estimated_gib=0.066 mode=cold warmup_runs=0
  benchmark_csv=bench_results/threadmix_sweep1_20260425T111354Z/1_mem_n1000000_q1000000_h50_dense_g1_j0_s1_t1_mcold.csv
  time_metrics=bench_results/threadmix_sweep1_20260425T111354Z/1_mem_n1000000_q1000000_h50_dense_g1_j0_s1_t1_mcold.time.txt
[2026-04-25T11:13:54Z] case=2 profile=mem_n1000000_q1000000_h50_dense_g1_j0_s1_t1_mwarm estimated_gib=0.066 mode=warm warmup_runs=1
  benchmark_csv=bench_results/threadmix_sweep1_20260425T111354Z/2_mem_n1000000_q1000000_h50_dense_g1_j0_s1_t1_mwarm.csv
  time_metrics=bench_results/threadmix_sweep1_20260425T111354Z/2_mem_n1000000_q1000000_h50_dense_g1_j0_s1_t1_mwarm.time.txt
[2026-04-25T11:13:55Z] case=3 profile=mem_n1000000_q1000000_h50_dense_g1_j0_s17_t1_mcold estimated_gib=0.066 mode=cold warmup_runs=0
  benchmark_csv=bench_results/threadmix_sweep1_20260425T111354Z/3_mem_n1000000_q1000000_h50_dense_g1_j0_s17_t1_mcold.csv
  time_metrics=bench_results/threadmix_sweep1_20260425T111354Z/3_mem_n1000000_q1000000_h50_dense_g1_j0_s17_t1_mcold.time.txt
[2026-04-25T11:13:55Z] case=4 profile=mem_n1000000_q1000000_h50_dense_g1_j0_s17_t1_mwarm estimated_gib=0.066 mode=warm warmup_runs=1
  benchmark_csv=bench_results/threadmix_sweep1_20260425T111354Z/4_mem_n1000000_q1000000_h50_dense_g1_j0_s17_t1_mwarm.csv
  time_metrics=bench_results/threadmix_sweep1_20260425T111354Z/4_mem_n1000000_q1000000_h50_dense_g1_j0_s17_t1_mwarm.time.txt
[2026-04-25T11:13:56Z] case=5 profile=mem_n1000000_q1000000_h50_jitter_g8_j8_s1_t1_mcold estimated_gib=0.066 mode=cold warmup_runs=0
  benchmark_csv=bench_results/threadmix_sweep1_20260425T111354Z/5_mem_n1000000_q1000000_h50_jitter_g8_j8_s1_t1_mcold.csv
  time_metrics=bench_results/threadmix_sweep1_20260425T111354Z/5_mem_n1000000_q1000000_h50_jitter_g8_j8_s1_t1_mcold.time.txt
[2026-04-25T11:13:56Z] case=6 profile=mem_n1000000_q1000000_h50_jitter_g8_j8_s1_t1_mwarm estimated_gib=0.066 mode=warm warmup_runs=1
  benchmark_csv=bench_results/threadmix_sweep1_20260425T111354Z/6_mem_n1000000_q1000000_h50_jitter_g8_j8_s1_t1_mwarm.csv
  time_metrics=bench_results/threadmix_sweep1_20260425T111354Z/6_mem_n1000000_q1000000_h50_jitter_g8_j8_s1_t1_mwarm.time.txt
[2026-04-25T11:13:56Z] case=7 profile=mem_n1000000_q1000000_h50_jitter_g8_j8_s17_t1_mcold estimated_gib=0.066 mode=cold warmup_runs=0
  benchmark_csv=bench_results/threadmix_sweep1_20260425T111354Z/7_mem_n1000000_q1000000_h50_jitter_g8_j8_s17_t1_mcold.csv
  time_metrics=bench_results/threadmix_sweep1_20260425T111354Z/7_mem_n1000000_q1000000_h50_jitter_g8_j8_s17_t1_mcold.time.txt
[2026-04-25T11:13:57Z] case=8 profile=mem_n1000000_q1000000_h50_jitter_g8_j8_s17_t1_mwarm estimated_gib=0.066 mode=warm warmup_runs=1
  benchmark_csv=bench_results/threadmix_sweep1_20260425T111354Z/8_mem_n1000000_q1000000_h50_jitter_g8_j8_s17_t1_mwarm.csv
  time_metrics=bench_results/threadmix_sweep1_20260425T111354Z/8_mem_n1000000_q1000000_h50_jitter_g8_j8_s17_t1_mwarm.time.txt
[2026-04-25T11:13:57Z] case=9 profile=mem_n1000000_q1000000_h0_dense_g1_j0_s1_t1_mcold estimated_gib=0.066 mode=cold warmup_runs=0
  benchmark_csv=bench_results/threadmix_sweep1_20260425T111354Z/9_mem_n1000000_q1000000_h0_dense_g1_j0_s1_t1_mcold.csv
  time_metrics=bench_results/threadmix_sweep1_20260425T111354Z/9_mem_n1000000_q1000000_h0_dense_g1_j0_s1_t1_mcold.time.txt
[2026-04-25T11:13:57Z] case=10 profile=mem_n1000000_q1000000_h0_dense_g1_j0_s1_t1_mwarm estimated_gib=0.066 mode=warm warmup_runs=1
  benchmark_csv=bench_results/threadmix_sweep1_20260425T111354Z/10_mem_n1000000_q1000000_h0_dense_g1_j0_s1_t1_mwarm.csv
  time_metrics=bench_results/threadmix_sweep1_20260425T111354Z/10_mem_n1000000_q1000000_h0_dense_g1_j0_s1_t1_mwarm.time.txt
[2026-04-25T11:13:58Z] case=11 profile=mem_n1000000_q1000000_h0_dense_g1_j0_s17_t1_mcold estimated_gib=0.066 mode=cold warmup_runs=0
  benchmark_csv=bench_results/threadmix_sweep1_20260425T111354Z/11_mem_n1000000_q1000000_h0_dense_g1_j0_s17_t1_mcold.csv
  time_metrics=bench_results/threadmix_sweep1_20260425T111354Z/11_mem_n1000000_q1000000_h0_dense_g1_j0_s17_t1_mcold.time.txt
[2026-04-25T11:13:58Z] case=12 profile=mem_n1000000_q1000000_h0_dense_g1_j0_s17_t1_mwarm estimated_gib=0.066 mode=warm warmup_runs=1
  benchmark_csv=bench_results/threadmix_sweep1_20260425T111354Z/12_mem_n1000000_q1000000_h0_dense_g1_j0_s17_t1_mwarm.csv
  time_metrics=bench_results/threadmix_sweep1_20260425T111354Z/12_mem_n1000000_q1000000_h0_dense_g1_j0_s17_t1_mwarm.time.txt
[2026-04-25T11:13:58Z] case=13 profile=mem_n1000000_q1000000_h0_jitter_g8_j8_s1_t1_mcold estimated_gib=0.066 mode=cold warmup_runs=0
  benchmark_csv=bench_results/threadmix_sweep1_20260425T111354Z/13_mem_n1000000_q1000000_h0_jitter_g8_j8_s1_t1_mcold.csv
  time_metrics=bench_results/threadmix_sweep1_20260425T111354Z/13_mem_n1000000_q1000000_h0_jitter_g8_j8_s1_t1_mcold.time.txt
[2026-04-25T11:13:58Z] case=14 profile=mem_n1000000_q1000000_h0_jitter_g8_j8_s1_t1_mwarm estimated_gib=0.066 mode=warm warmup_runs=1
  benchmark_csv=bench_results/threadmix_sweep1_20260425T111354Z/14_mem_n1000000_q1000000_h0_jitter_g8_j8_s1_t1_mwarm.csv
  time_metrics=bench_results/threadmix_sweep1_20260425T111354Z/14_mem_n1000000_q1000000_h0_jitter_g8_j8_s1_t1_mwarm.time.txt
[2026-04-25T11:13:59Z] case=15 profile=mem_n1000000_q1000000_h0_jitter_g8_j8_s17_t1_mcold estimated_gib=0.066 mode=cold warmup_runs=0
  benchmark_csv=bench_results/threadmix_sweep1_20260425T111354Z/15_mem_n1000000_q1000000_h0_jitter_g8_j8_s17_t1_mcold.csv
  time_metrics=bench_results/threadmix_sweep1_20260425T111354Z/15_mem_n1000000_q1000000_h0_jitter_g8_j8_s17_t1_mcold.time.txt
[2026-04-25T11:13:59Z] case=16 profile=mem_n1000000_q1000000_h0_jitter_g8_j8_s17_t1_mwarm estimated_gib=0.066 mode=warm warmup_runs=1
  benchmark_csv=bench_results/threadmix_sweep1_20260425T111354Z/16_mem_n1000000_q1000000_h0_jitter_g8_j8_s17_t1_mwarm.csv
  time_metrics=bench_results/threadmix_sweep1_20260425T111354Z/16_mem_n1000000_q1000000_h0_jitter_g8_j8_s17_t1_mwarm.time.txt
[2026-04-25T11:13:59Z] case=17 profile=mem_n8000000_q1000000_h50_dense_g1_j0_s1_t1_mcold estimated_gib=0.123 mode=cold warmup_runs=0
  benchmark_csv=bench_results/threadmix_sweep1_20260425T111354Z/17_mem_n8000000_q1000000_h50_dense_g1_j0_s1_t1_mcold.csv
  time_metrics=bench_results/threadmix_sweep1_20260425T111354Z/17_mem_n8000000_q1000000_h50_dense_g1_j0_s1_t1_mcold.time.txt
[2026-04-25T11:13:59Z] case=18 profile=mem_n8000000_q1000000_h50_dense_g1_j0_s1_t1_mwarm estimated_gib=0.123 mode=warm warmup_runs=1
  benchmark_csv=bench_results/threadmix_sweep1_20260425T111354Z/18_mem_n8000000_q1000000_h50_dense_g1_j0_s1_t1_mwarm.csv
  time_metrics=bench_results/threadmix_sweep1_20260425T111354Z/18_mem_n8000000_q1000000_h50_dense_g1_j0_s1_t1_mwarm.time.txt
[2026-04-25T11:14:00Z] case=19 profile=mem_n8000000_q1000000_h50_dense_g1_j0_s17_t1_mcold estimated_gib=0.123 mode=cold warmup_runs=0
  benchmark_csv=bench_results/threadmix_sweep1_20260425T111354Z/19_mem_n8000000_q1000000_h50_dense_g1_j0_s17_t1_mcold.csv
  time_metrics=bench_results/threadmix_sweep1_20260425T111354Z/19_mem_n8000000_q1000000_h50_dense_g1_j0_s17_t1_mcold.time.txt
[2026-04-25T11:14:00Z] case=20 profile=mem_n8000000_q1000000_h50_dense_g1_j0_s17_t1_mwarm estimated_gib=0.123 mode=warm warmup_runs=1
  benchmark_csv=bench_results/threadmix_sweep1_20260425T111354Z/20_mem_n8000000_q1000000_h50_dense_g1_j0_s17_t1_mwarm.csv
  time_metrics=bench_results/threadmix_sweep1_20260425T111354Z/20_mem_n8000000_q1000000_h50_dense_g1_j0_s17_t1_mwarm.time.txt
[2026-04-25T11:14:01Z] case=21 profile=mem_n8000000_q1000000_h50_jitter_g8_j8_s1_t1_mcold estimated_gib=0.123 mode=cold warmup_runs=0
  benchmark_csv=bench_results/threadmix_sweep1_20260425T111354Z/21_mem_n8000000_q1000000_h50_jitter_g8_j8_s1_t1_mcold.csv
  time_metrics=bench_results/threadmix_sweep1_20260425T111354Z/21_mem_n8000000_q1000000_h50_jitter_g8_j8_s1_t1_mcold.time.txt
[2026-04-25T11:14:01Z] case=22 profile=mem_n8000000_q1000000_h50_jitter_g8_j8_s1_t1_mwarm estimated_gib=0.123 mode=warm warmup_runs=1
  benchmark_csv=bench_results/threadmix_sweep1_20260425T111354Z/22_mem_n8000000_q1000000_h50_jitter_g8_j8_s1_t1_mwarm.csv
  time_metrics=bench_results/threadmix_sweep1_20260425T111354Z/22_mem_n8000000_q1000000_h50_jitter_g8_j8_s1_t1_mwarm.time.txt
[2026-04-25T11:14:02Z] case=23 profile=mem_n8000000_q1000000_h50_jitter_g8_j8_s17_t1_mcold estimated_gib=0.123 mode=cold warmup_runs=0
  benchmark_csv=bench_results/threadmix_sweep1_20260425T111354Z/23_mem_n8000000_q1000000_h50_jitter_g8_j8_s17_t1_mcold.csv
  time_metrics=bench_results/threadmix_sweep1_20260425T111354Z/23_mem_n8000000_q1000000_h50_jitter_g8_j8_s17_t1_mcold.time.txt
[2026-04-25T11:14:02Z] case=24 profile=mem_n8000000_q1000000_h50_jitter_g8_j8_s17_t1_mwarm estimated_gib=0.123 mode=warm warmup_runs=1
  benchmark_csv=bench_results/threadmix_sweep1_20260425T111354Z/24_mem_n8000000_q1000000_h50_jitter_g8_j8_s17_t1_mwarm.csv
  time_metrics=bench_results/threadmix_sweep1_20260425T111354Z/24_mem_n8000000_q1000000_h50_jitter_g8_j8_s17_t1_mwarm.time.txt
[2026-04-25T11:14:03Z] case=25 profile=mem_n8000000_q1000000_h0_dense_g1_j0_s1_t1_mcold estimated_gib=0.123 mode=cold warmup_runs=0
  benchmark_csv=bench_results/threadmix_sweep1_20260425T111354Z/25_mem_n8000000_q1000000_h0_dense_g1_j0_s1_t1_mcold.csv
  time_metrics=bench_results/threadmix_sweep1_20260425T111354Z/25_mem_n8000000_q1000000_h0_dense_g1_j0_s1_t1_mcold.time.txt
[2026-04-25T11:14:03Z] case=26 profile=mem_n8000000_q1000000_h0_dense_g1_j0_s1_t1_mwarm estimated_gib=0.123 mode=warm warmup_runs=1
  benchmark_csv=bench_results/threadmix_sweep1_20260425T111354Z/26_mem_n8000000_q1000000_h0_dense_g1_j0_s1_t1_mwarm.csv
  time_metrics=bench_results/threadmix_sweep1_20260425T111354Z/26_mem_n8000000_q1000000_h0_dense_g1_j0_s1_t1_mwarm.time.txt
[2026-04-25T11:14:03Z] case=27 profile=mem_n8000000_q1000000_h0_dense_g1_j0_s17_t1_mcold estimated_gib=0.123 mode=cold warmup_runs=0
  benchmark_csv=bench_results/threadmix_sweep1_20260425T111354Z/27_mem_n8000000_q1000000_h0_dense_g1_j0_s17_t1_mcold.csv
  time_metrics=bench_results/threadmix_sweep1_20260425T111354Z/27_mem_n8000000_q1000000_h0_dense_g1_j0_s17_t1_mcold.time.txt
[2026-04-25T11:14:03Z] case=28 profile=mem_n8000000_q1000000_h0_dense_g1_j0_s17_t1_mwarm estimated_gib=0.123 mode=warm warmup_runs=1
  benchmark_csv=bench_results/threadmix_sweep1_20260425T111354Z/28_mem_n8000000_q1000000_h0_dense_g1_j0_s17_t1_mwarm.csv
  time_metrics=bench_results/threadmix_sweep1_20260425T111354Z/28_mem_n8000000_q1000000_h0_dense_g1_j0_s17_t1_mwarm.time.txt
[2026-04-25T11:14:04Z] case=29 profile=mem_n8000000_q1000000_h0_jitter_g8_j8_s1_t1_mcold estimated_gib=0.123 mode=cold warmup_runs=0
  benchmark_csv=bench_results/threadmix_sweep1_20260425T111354Z/29_mem_n8000000_q1000000_h0_jitter_g8_j8_s1_t1_mcold.csv
  time_metrics=bench_results/threadmix_sweep1_20260425T111354Z/29_mem_n8000000_q1000000_h0_jitter_g8_j8_s1_t1_mcold.time.txt
[2026-04-25T11:14:04Z] case=30 profile=mem_n8000000_q1000000_h0_jitter_g8_j8_s1_t1_mwarm estimated_gib=0.123 mode=warm warmup_runs=1
  benchmark_csv=bench_results/threadmix_sweep1_20260425T111354Z/30_mem_n8000000_q1000000_h0_jitter_g8_j8_s1_t1_mwarm.csv
  time_metrics=bench_results/threadmix_sweep1_20260425T111354Z/30_mem_n8000000_q1000000_h0_jitter_g8_j8_s1_t1_mwarm.time.txt
[2026-04-25T11:14:04Z] case=31 profile=mem_n8000000_q1000000_h0_jitter_g8_j8_s17_t1_mcold estimated_gib=0.123 mode=cold warmup_runs=0
  benchmark_csv=bench_results/threadmix_sweep1_20260425T111354Z/31_mem_n8000000_q1000000_h0_jitter_g8_j8_s17_t1_mcold.csv
  time_metrics=bench_results/threadmix_sweep1_20260425T111354Z/31_mem_n8000000_q1000000_h0_jitter_g8_j8_s17_t1_mcold.time.txt
[2026-04-25T11:14:05Z] case=32 profile=mem_n8000000_q1000000_h0_jitter_g8_j8_s17_t1_mwarm estimated_gib=0.123 mode=warm warmup_runs=1
  benchmark_csv=bench_results/threadmix_sweep1_20260425T111354Z/32_mem_n8000000_q1000000_h0_jitter_g8_j8_s17_t1_mwarm.csv
  time_metrics=bench_results/threadmix_sweep1_20260425T111354Z/32_mem_n8000000_q1000000_h0_jitter_g8_j8_s17_t1_mwarm.time.txt
[2026-04-25T11:14:05Z] case=33 profile=mem_n32000000_q1000000_h50_dense_g1_j0_s1_t1_mcold estimated_gib=0.320 mode=cold warmup_runs=0
  benchmark_csv=bench_results/threadmix_sweep1_20260425T111354Z/33_mem_n32000000_q1000000_h50_dense_g1_j0_s1_t1_mcold.csv
  time_metrics=bench_results/threadmix_sweep1_20260425T111354Z/33_mem_n32000000_q1000000_h50_dense_g1_j0_s1_t1_mcold.time.txt
[2026-04-25T11:14:05Z] case=34 profile=mem_n32000000_q1000000_h50_dense_g1_j0_s1_t1_mwarm estimated_gib=0.320 mode=warm warmup_runs=1
  benchmark_csv=bench_results/threadmix_sweep1_20260425T111354Z/34_mem_n32000000_q1000000_h50_dense_g1_j0_s1_t1_mwarm.csv
  time_metrics=bench_results/threadmix_sweep1_20260425T111354Z/34_mem_n32000000_q1000000_h50_dense_g1_j0_s1_t1_mwarm.time.txt
[2026-04-25T11:14:06Z] case=35 profile=mem_n32000000_q1000000_h50_dense_g1_j0_s17_t1_mcold estimated_gib=0.320 mode=cold warmup_runs=0
  benchmark_csv=bench_results/threadmix_sweep1_20260425T111354Z/35_mem_n32000000_q1000000_h50_dense_g1_j0_s17_t1_mcold.csv
  time_metrics=bench_results/threadmix_sweep1_20260425T111354Z/35_mem_n32000000_q1000000_h50_dense_g1_j0_s17_t1_mcold.time.txt
[2026-04-25T11:14:07Z] case=36 profile=mem_n32000000_q1000000_h50_dense_g1_j0_s17_t1_mwarm estimated_gib=0.320 mode=warm warmup_runs=1
  benchmark_csv=bench_results/threadmix_sweep1_20260425T111354Z/36_mem_n32000000_q1000000_h50_dense_g1_j0_s17_t1_mwarm.csv
  time_metrics=bench_results/threadmix_sweep1_20260425T111354Z/36_mem_n32000000_q1000000_h50_dense_g1_j0_s17_t1_mwarm.time.txt
[2026-04-25T11:14:07Z] case=37 profile=mem_n32000000_q1000000_h50_jitter_g8_j8_s1_t1_mcold estimated_gib=0.320 mode=cold warmup_runs=0
  benchmark_csv=bench_results/threadmix_sweep1_20260425T111354Z/37_mem_n32000000_q1000000_h50_jitter_g8_j8_s1_t1_mcold.csv
  time_metrics=bench_results/threadmix_sweep1_20260425T111354Z/37_mem_n32000000_q1000000_h50_jitter_g8_j8_s1_t1_mcold.time.txt
[2026-04-25T11:14:08Z] case=38 profile=mem_n32000000_q1000000_h50_jitter_g8_j8_s1_t1_mwarm estimated_gib=0.320 mode=warm warmup_runs=1
  benchmark_csv=bench_results/threadmix_sweep1_20260425T111354Z/38_mem_n32000000_q1000000_h50_jitter_g8_j8_s1_t1_mwarm.csv
  time_metrics=bench_results/threadmix_sweep1_20260425T111354Z/38_mem_n32000000_q1000000_h50_jitter_g8_j8_s1_t1_mwarm.time.txt
[2026-04-25T11:14:08Z] case=39 profile=mem_n32000000_q1000000_h50_jitter_g8_j8_s17_t1_mcold estimated_gib=0.320 mode=cold warmup_runs=0
  benchmark_csv=bench_results/threadmix_sweep1_20260425T111354Z/39_mem_n32000000_q1000000_h50_jitter_g8_j8_s17_t1_mcold.csv
  time_metrics=bench_results/threadmix_sweep1_20260425T111354Z/39_mem_n32000000_q1000000_h50_jitter_g8_j8_s17_t1_mcold.time.txt
[2026-04-25T11:14:09Z] case=40 profile=mem_n32000000_q1000000_h50_jitter_g8_j8_s17_t1_mwarm estimated_gib=0.320 mode=warm warmup_runs=1
  benchmark_csv=bench_results/threadmix_sweep1_20260425T111354Z/40_mem_n32000000_q1000000_h50_jitter_g8_j8_s17_t1_mwarm.csv
  time_metrics=bench_results/threadmix_sweep1_20260425T111354Z/40_mem_n32000000_q1000000_h50_jitter_g8_j8_s17_t1_mwarm.time.txt
[2026-04-25T11:14:10Z] case=41 profile=mem_n32000000_q1000000_h0_dense_g1_j0_s1_t1_mcold estimated_gib=0.320 mode=cold warmup_runs=0
  benchmark_csv=bench_results/threadmix_sweep1_20260425T111354Z/41_mem_n32000000_q1000000_h0_dense_g1_j0_s1_t1_mcold.csv
  time_metrics=bench_results/threadmix_sweep1_20260425T111354Z/41_mem_n32000000_q1000000_h0_dense_g1_j0_s1_t1_mcold.time.txt
[2026-04-25T11:14:10Z] case=42 profile=mem_n32000000_q1000000_h0_dense_g1_j0_s1_t1_mwarm estimated_gib=0.320 mode=warm warmup_runs=1
  benchmark_csv=bench_results/threadmix_sweep1_20260425T111354Z/42_mem_n32000000_q1000000_h0_dense_g1_j0_s1_t1_mwarm.csv
  time_metrics=bench_results/threadmix_sweep1_20260425T111354Z/42_mem_n32000000_q1000000_h0_dense_g1_j0_s1_t1_mwarm.time.txt
[2026-04-25T11:14:11Z] case=43 profile=mem_n32000000_q1000000_h0_dense_g1_j0_s17_t1_mcold estimated_gib=0.320 mode=cold warmup_runs=0
  benchmark_csv=bench_results/threadmix_sweep1_20260425T111354Z/43_mem_n32000000_q1000000_h0_dense_g1_j0_s17_t1_mcold.csv
  time_metrics=bench_results/threadmix_sweep1_20260425T111354Z/43_mem_n32000000_q1000000_h0_dense_g1_j0_s17_t1_mcold.time.txt
[2026-04-25T11:14:11Z] case=44 profile=mem_n32000000_q1000000_h0_dense_g1_j0_s17_t1_mwarm estimated_gib=0.320 mode=warm warmup_runs=1
  benchmark_csv=bench_results/threadmix_sweep1_20260425T111354Z/44_mem_n32000000_q1000000_h0_dense_g1_j0_s17_t1_mwarm.csv
  time_metrics=bench_results/threadmix_sweep1_20260425T111354Z/44_mem_n32000000_q1000000_h0_dense_g1_j0_s17_t1_mwarm.time.txt
[2026-04-25T11:14:11Z] case=45 profile=mem_n32000000_q1000000_h0_jitter_g8_j8_s1_t1_mcold estimated_gib=0.320 mode=cold warmup_runs=0
  benchmark_csv=bench_results/threadmix_sweep1_20260425T111354Z/45_mem_n32000000_q1000000_h0_jitter_g8_j8_s1_t1_mcold.csv
  time_metrics=bench_results/threadmix_sweep1_20260425T111354Z/45_mem_n32000000_q1000000_h0_jitter_g8_j8_s1_t1_mcold.time.txt
[2026-04-25T11:14:12Z] case=46 profile=mem_n32000000_q1000000_h0_jitter_g8_j8_s1_t1_mwarm estimated_gib=0.320 mode=warm warmup_runs=1
  benchmark_csv=bench_results/threadmix_sweep1_20260425T111354Z/46_mem_n32000000_q1000000_h0_jitter_g8_j8_s1_t1_mwarm.csv
  time_metrics=bench_results/threadmix_sweep1_20260425T111354Z/46_mem_n32000000_q1000000_h0_jitter_g8_j8_s1_t1_mwarm.time.txt
[2026-04-25T11:14:12Z] case=47 profile=mem_n32000000_q1000000_h0_jitter_g8_j8_s17_t1_mcold estimated_gib=0.320 mode=cold warmup_runs=0
  benchmark_csv=bench_results/threadmix_sweep1_20260425T111354Z/47_mem_n32000000_q1000000_h0_jitter_g8_j8_s17_t1_mcold.csv
  time_metrics=bench_results/threadmix_sweep1_20260425T111354Z/47_mem_n32000000_q1000000_h0_jitter_g8_j8_s17_t1_mcold.time.txt
[2026-04-25T11:14:13Z] case=48 profile=mem_n32000000_q1000000_h0_jitter_g8_j8_s17_t1_mwarm estimated_gib=0.320 mode=warm warmup_runs=1
  benchmark_csv=bench_results/threadmix_sweep1_20260425T111354Z/48_mem_n32000000_q1000000_h0_jitter_g8_j8_s17_t1_mwarm.csv
  time_metrics=bench_results/threadmix_sweep1_20260425T111354Z/48_mem_n32000000_q1000000_h0_jitter_g8_j8_s17_t1_mwarm.time.txt
[2026-04-25T11:14:13Z] case=49 profile=mem_n128000000_q1000000_h50_dense_g1_j0_s1_t1_mcold estimated_gib=1.106 mode=cold warmup_runs=0
  benchmark_csv=bench_results/threadmix_sweep1_20260425T111354Z/49_mem_n128000000_q1000000_h50_dense_g1_j0_s1_t1_mcold.csv
  time_metrics=bench_results/threadmix_sweep1_20260425T111354Z/49_mem_n128000000_q1000000_h50_dense_g1_j0_s1_t1_mcold.time.txt
[2026-04-25T11:14:14Z] case=50 profile=mem_n128000000_q1000000_h50_dense_g1_j0_s1_t1_mwarm estimated_gib=1.106 mode=warm warmup_runs=1
  benchmark_csv=bench_results/threadmix_sweep1_20260425T111354Z/50_mem_n128000000_q1000000_h50_dense_g1_j0_s1_t1_mwarm.csv
  time_metrics=bench_results/threadmix_sweep1_20260425T111354Z/50_mem_n128000000_q1000000_h50_dense_g1_j0_s1_t1_mwarm.time.txt
[2026-04-25T11:14:15Z] case=51 profile=mem_n128000000_q1000000_h50_dense_g1_j0_s17_t1_mcold estimated_gib=1.106 mode=cold warmup_runs=0
  benchmark_csv=bench_results/threadmix_sweep1_20260425T111354Z/51_mem_n128000000_q1000000_h50_dense_g1_j0_s17_t1_mcold.csv
  time_metrics=bench_results/threadmix_sweep1_20260425T111354Z/51_mem_n128000000_q1000000_h50_dense_g1_j0_s17_t1_mcold.time.txt
[2026-04-25T11:14:16Z] case=52 profile=mem_n128000000_q1000000_h50_dense_g1_j0_s17_t1_mwarm estimated_gib=1.106 mode=warm warmup_runs=1
  benchmark_csv=bench_results/threadmix_sweep1_20260425T111354Z/52_mem_n128000000_q1000000_h50_dense_g1_j0_s17_t1_mwarm.csv
  time_metrics=bench_results/threadmix_sweep1_20260425T111354Z/52_mem_n128000000_q1000000_h50_dense_g1_j0_s17_t1_mwarm.time.txt
[2026-04-25T11:14:17Z] case=53 profile=mem_n128000000_q1000000_h50_jitter_g8_j8_s1_t1_mcold estimated_gib=1.106 mode=cold warmup_runs=0
  benchmark_csv=bench_results/threadmix_sweep1_20260425T111354Z/53_mem_n128000000_q1000000_h50_jitter_g8_j8_s1_t1_mcold.csv
  time_metrics=bench_results/threadmix_sweep1_20260425T111354Z/53_mem_n128000000_q1000000_h50_jitter_g8_j8_s1_t1_mcold.time.txt
[2026-04-25T11:14:18Z] case=54 profile=mem_n128000000_q1000000_h50_jitter_g8_j8_s1_t1_mwarm estimated_gib=1.106 mode=warm warmup_runs=1
  benchmark_csv=bench_results/threadmix_sweep1_20260425T111354Z/54_mem_n128000000_q1000000_h50_jitter_g8_j8_s1_t1_mwarm.csv
  time_metrics=bench_results/threadmix_sweep1_20260425T111354Z/54_mem_n128000000_q1000000_h50_jitter_g8_j8_s1_t1_mwarm.time.txt
[2026-04-25T11:14:19Z] case=55 profile=mem_n128000000_q1000000_h50_jitter_g8_j8_s17_t1_mcold estimated_gib=1.106 mode=cold warmup_runs=0
  benchmark_csv=bench_results/threadmix_sweep1_20260425T111354Z/55_mem_n128000000_q1000000_h50_jitter_g8_j8_s17_t1_mcold.csv
  time_metrics=bench_results/threadmix_sweep1_20260425T111354Z/55_mem_n128000000_q1000000_h50_jitter_g8_j8_s17_t1_mcold.time.txt
[2026-04-25T11:14:20Z] case=56 profile=mem_n128000000_q1000000_h50_jitter_g8_j8_s17_t1_mwarm estimated_gib=1.106 mode=warm warmup_runs=1
  benchmark_csv=bench_results/threadmix_sweep1_20260425T111354Z/56_mem_n128000000_q1000000_h50_jitter_g8_j8_s17_t1_mwarm.csv
  time_metrics=bench_results/threadmix_sweep1_20260425T111354Z/56_mem_n128000000_q1000000_h50_jitter_g8_j8_s17_t1_mwarm.time.txt
[2026-04-25T11:14:22Z] case=57 profile=mem_n128000000_q1000000_h0_dense_g1_j0_s1_t1_mcold estimated_gib=1.106 mode=cold warmup_runs=0
  benchmark_csv=bench_results/threadmix_sweep1_20260425T111354Z/57_mem_n128000000_q1000000_h0_dense_g1_j0_s1_t1_mcold.csv
  time_metrics=bench_results/threadmix_sweep1_20260425T111354Z/57_mem_n128000000_q1000000_h0_dense_g1_j0_s1_t1_mcold.time.txt
[2026-04-25T11:14:22Z] case=58 profile=mem_n128000000_q1000000_h0_dense_g1_j0_s1_t1_mwarm estimated_gib=1.106 mode=warm warmup_runs=1
  benchmark_csv=bench_results/threadmix_sweep1_20260425T111354Z/58_mem_n128000000_q1000000_h0_dense_g1_j0_s1_t1_mwarm.csv
  time_metrics=bench_results/threadmix_sweep1_20260425T111354Z/58_mem_n128000000_q1000000_h0_dense_g1_j0_s1_t1_mwarm.time.txt
[2026-04-25T11:14:23Z] case=59 profile=mem_n128000000_q1000000_h0_dense_g1_j0_s17_t1_mcold estimated_gib=1.106 mode=cold warmup_runs=0
  benchmark_csv=bench_results/threadmix_sweep1_20260425T111354Z/59_mem_n128000000_q1000000_h0_dense_g1_j0_s17_t1_mcold.csv
  time_metrics=bench_results/threadmix_sweep1_20260425T111354Z/59_mem_n128000000_q1000000_h0_dense_g1_j0_s17_t1_mcold.time.txt
[2026-04-25T11:14:24Z] case=60 profile=mem_n128000000_q1000000_h0_dense_g1_j0_s17_t1_mwarm estimated_gib=1.106 mode=warm warmup_runs=1
  benchmark_csv=bench_results/threadmix_sweep1_20260425T111354Z/60_mem_n128000000_q1000000_h0_dense_g1_j0_s17_t1_mwarm.csv
  time_metrics=bench_results/threadmix_sweep1_20260425T111354Z/60_mem_n128000000_q1000000_h0_dense_g1_j0_s17_t1_mwarm.time.txt
[2026-04-25T11:14:25Z] case=61 profile=mem_n128000000_q1000000_h0_jitter_g8_j8_s1_t1_mcold estimated_gib=1.106 mode=cold warmup_runs=0
  benchmark_csv=bench_results/threadmix_sweep1_20260425T111354Z/61_mem_n128000000_q1000000_h0_jitter_g8_j8_s1_t1_mcold.csv
  time_metrics=bench_results/threadmix_sweep1_20260425T111354Z/61_mem_n128000000_q1000000_h0_jitter_g8_j8_s1_t1_mcold.time.txt
[2026-04-25T11:14:26Z] case=62 profile=mem_n128000000_q1000000_h0_jitter_g8_j8_s1_t1_mwarm estimated_gib=1.106 mode=warm warmup_runs=1
  benchmark_csv=bench_results/threadmix_sweep1_20260425T111354Z/62_mem_n128000000_q1000000_h0_jitter_g8_j8_s1_t1_mwarm.csv
  time_metrics=bench_results/threadmix_sweep1_20260425T111354Z/62_mem_n128000000_q1000000_h0_jitter_g8_j8_s1_t1_mwarm.time.txt
[2026-04-25T11:14:26Z] case=63 profile=mem_n128000000_q1000000_h0_jitter_g8_j8_s17_t1_mcold estimated_gib=1.106 mode=cold warmup_runs=0
  benchmark_csv=bench_results/threadmix_sweep1_20260425T111354Z/63_mem_n128000000_q1000000_h0_jitter_g8_j8_s17_t1_mcold.csv
  time_metrics=bench_results/threadmix_sweep1_20260425T111354Z/63_mem_n128000000_q1000000_h0_jitter_g8_j8_s17_t1_mcold.time.txt
[2026-04-25T11:14:27Z] case=64 profile=mem_n128000000_q1000000_h0_jitter_g8_j8_s17_t1_mwarm estimated_gib=1.106 mode=warm warmup_runs=1
  benchmark_csv=bench_results/threadmix_sweep1_20260425T111354Z/64_mem_n128000000_q1000000_h0_jitter_g8_j8_s17_t1_mwarm.csv
  time_metrics=bench_results/threadmix_sweep1_20260425T111354Z/64_mem_n128000000_q1000000_h0_jitter_g8_j8_s17_t1_mwarm.time.txt
