[2026-04-25T11:10:57Z] case=1 profile=mem_n128000000_q1000000_h0_dense_g1_j0_s17_t16_mcold estimated_gib=1.106 mode=cold warmup_runs=0
  benchmark_csv=bench_results/roadmap_policy_confirm_20260425T111019Z/1_mem_n128000000_q1000000_h0_dense_g1_j0_s17_t16_mcold.csv
  time_metrics=bench_results/roadmap_policy_confirm_20260425T111019Z/1_mem_n128000000_q1000000_h0_dense_g1_j0_s17_t16_mcold.time.txt
[2026-04-25T11:10:58Z] case=2 profile=mem_n128000000_q1000000_h0_dense_g1_j0_s17_t16_mwarm estimated_gib=1.106 mode=warm warmup_runs=1
  benchmark_csv=bench_results/roadmap_policy_confirm_20260425T111019Z/2_mem_n128000000_q1000000_h0_dense_g1_j0_s17_t16_mwarm.csv
  time_metrics=bench_results/roadmap_policy_confirm_20260425T111019Z/2_mem_n128000000_q1000000_h0_dense_g1_j0_s17_t16_mwarm.time.txt
[2026-04-25T11:10:58Z] case=3 profile=mem_n128000000_q1000000_h0_sparse_g16_j0_s17_t16_mcold estimated_gib=1.106 mode=cold warmup_runs=0
  benchmark_csv=bench_results/roadmap_policy_confirm_20260425T111019Z/3_mem_n128000000_q1000000_h0_sparse_g16_j0_s17_t16_mcold.csv
  time_metrics=bench_results/roadmap_policy_confirm_20260425T111019Z/3_mem_n128000000_q1000000_h0_sparse_g16_j0_s17_t16_mcold.time.txt
[2026-04-25T11:10:59Z] case=4 profile=mem_n128000000_q1000000_h0_sparse_g16_j0_s17_t16_mwarm estimated_gib=1.106 mode=warm warmup_runs=1
  benchmark_csv=bench_results/roadmap_policy_confirm_20260425T111019Z/4_mem_n128000000_q1000000_h0_sparse_g16_j0_s17_t16_mwarm.csv
  time_metrics=bench_results/roadmap_policy_confirm_20260425T111019Z/4_mem_n128000000_q1000000_h0_sparse_g16_j0_s17_t16_mwarm.time.txt
[2026-04-25T11:10:59Z] case=5 profile=mem_n128000000_q4000000_h0_dense_g1_j0_s17_t16_mcold estimated_gib=1.279 mode=cold warmup_runs=0
  benchmark_csv=bench_results/roadmap_policy_confirm_20260425T111019Z/5_mem_n128000000_q4000000_h0_dense_g1_j0_s17_t16_mcold.csv
  time_metrics=bench_results/roadmap_policy_confirm_20260425T111019Z/5_mem_n128000000_q4000000_h0_dense_g1_j0_s17_t16_mcold.time.txt
[2026-04-25T11:11:00Z] case=6 profile=mem_n128000000_q4000000_h0_dense_g1_j0_s17_t16_mwarm estimated_gib=1.279 mode=warm warmup_runs=1
  benchmark_csv=bench_results/roadmap_policy_confirm_20260425T111019Z/6_mem_n128000000_q4000000_h0_dense_g1_j0_s17_t16_mwarm.csv
  time_metrics=bench_results/roadmap_policy_confirm_20260425T111019Z/6_mem_n128000000_q4000000_h0_dense_g1_j0_s17_t16_mwarm.time.txt
[2026-04-25T11:11:01Z] case=7 profile=mem_n128000000_q4000000_h0_sparse_g16_j0_s17_t16_mcold estimated_gib=1.279 mode=cold warmup_runs=0
  benchmark_csv=bench_results/roadmap_policy_confirm_20260425T111019Z/7_mem_n128000000_q4000000_h0_sparse_g16_j0_s17_t16_mcold.csv
  time_metrics=bench_results/roadmap_policy_confirm_20260425T111019Z/7_mem_n128000000_q4000000_h0_sparse_g16_j0_s17_t16_mcold.time.txt
[2026-04-25T11:11:02Z] case=8 profile=mem_n128000000_q4000000_h0_sparse_g16_j0_s17_t16_mwarm estimated_gib=1.279 mode=warm warmup_runs=1
  benchmark_csv=bench_results/roadmap_policy_confirm_20260425T111019Z/8_mem_n128000000_q4000000_h0_sparse_g16_j0_s17_t16_mwarm.csv
  time_metrics=bench_results/roadmap_policy_confirm_20260425T111019Z/8_mem_n128000000_q4000000_h0_sparse_g16_j0_s17_t16_mwarm.time.txt
