[2026-04-25T11:01:59Z] case=1 profile=mem_n1000000_q1000000_h50_dense_g1_j0_s17_t16_mcold estimated_gib=0.066 mode=cold warmup_runs=0
  benchmark_csv=bench_results/memory_ramp_mixed_profiles_20260425T110159Z/1_mem_n1000000_q1000000_h50_dense_g1_j0_s17_t16_mcold.csv
  time_metrics=bench_results/memory_ramp_mixed_profiles_20260425T110159Z/1_mem_n1000000_q1000000_h50_dense_g1_j0_s17_t16_mcold.time.txt
[2026-04-25T11:01:59Z] case=2 profile=mem_n1000000_q1000000_h50_dense_g1_j0_s17_t16_mwarm estimated_gib=0.066 mode=warm warmup_runs=1
  benchmark_csv=bench_results/memory_ramp_mixed_profiles_20260425T110159Z/2_mem_n1000000_q1000000_h50_dense_g1_j0_s17_t16_mwarm.csv
  time_metrics=bench_results/memory_ramp_mixed_profiles_20260425T110159Z/2_mem_n1000000_q1000000_h50_dense_g1_j0_s17_t16_mwarm.time.txt
[2026-04-25T11:02:00Z] case=3 profile=mem_n1000000_q1000000_h50_jitter_g8_j8_s17_t16_mcold estimated_gib=0.066 mode=cold warmup_runs=0
  benchmark_csv=bench_results/memory_ramp_mixed_profiles_20260425T110159Z/3_mem_n1000000_q1000000_h50_jitter_g8_j8_s17_t16_mcold.csv
  time_metrics=bench_results/memory_ramp_mixed_profiles_20260425T110159Z/3_mem_n1000000_q1000000_h50_jitter_g8_j8_s17_t16_mcold.time.txt
[2026-04-25T11:02:00Z] case=4 profile=mem_n1000000_q1000000_h50_jitter_g8_j8_s17_t16_mwarm estimated_gib=0.066 mode=warm warmup_runs=1
  benchmark_csv=bench_results/memory_ramp_mixed_profiles_20260425T110159Z/4_mem_n1000000_q1000000_h50_jitter_g8_j8_s17_t16_mwarm.csv
  time_metrics=bench_results/memory_ramp_mixed_profiles_20260425T110159Z/4_mem_n1000000_q1000000_h50_jitter_g8_j8_s17_t16_mwarm.time.txt
[2026-04-25T11:02:00Z] case=5 profile=mem_n1000000_q1000000_h0_dense_g1_j0_s17_t16_mcold estimated_gib=0.066 mode=cold warmup_runs=0
  benchmark_csv=bench_results/memory_ramp_mixed_profiles_20260425T110159Z/5_mem_n1000000_q1000000_h0_dense_g1_j0_s17_t16_mcold.csv
  time_metrics=bench_results/memory_ramp_mixed_profiles_20260425T110159Z/5_mem_n1000000_q1000000_h0_dense_g1_j0_s17_t16_mcold.time.txt
[2026-04-25T11:02:00Z] case=6 profile=mem_n1000000_q1000000_h0_dense_g1_j0_s17_t16_mwarm estimated_gib=0.066 mode=warm warmup_runs=1
  benchmark_csv=bench_results/memory_ramp_mixed_profiles_20260425T110159Z/6_mem_n1000000_q1000000_h0_dense_g1_j0_s17_t16_mwarm.csv
  time_metrics=bench_results/memory_ramp_mixed_profiles_20260425T110159Z/6_mem_n1000000_q1000000_h0_dense_g1_j0_s17_t16_mwarm.time.txt
[2026-04-25T11:02:00Z] case=7 profile=mem_n1000000_q1000000_h0_jitter_g8_j8_s17_t16_mcold estimated_gib=0.066 mode=cold warmup_runs=0
  benchmark_csv=bench_results/memory_ramp_mixed_profiles_20260425T110159Z/7_mem_n1000000_q1000000_h0_jitter_g8_j8_s17_t16_mcold.csv
  time_metrics=bench_results/memory_ramp_mixed_profiles_20260425T110159Z/7_mem_n1000000_q1000000_h0_jitter_g8_j8_s17_t16_mcold.time.txt
[2026-04-25T11:02:00Z] case=8 profile=mem_n1000000_q1000000_h0_jitter_g8_j8_s17_t16_mwarm estimated_gib=0.066 mode=warm warmup_runs=1
  benchmark_csv=bench_results/memory_ramp_mixed_profiles_20260425T110159Z/8_mem_n1000000_q1000000_h0_jitter_g8_j8_s17_t16_mwarm.csv
  time_metrics=bench_results/memory_ramp_mixed_profiles_20260425T110159Z/8_mem_n1000000_q1000000_h0_jitter_g8_j8_s17_t16_mwarm.time.txt
[2026-04-25T11:02:00Z] case=9 profile=mem_n8000000_q1000000_h50_dense_g1_j0_s17_t16_mcold estimated_gib=0.123 mode=cold warmup_runs=0
  benchmark_csv=bench_results/memory_ramp_mixed_profiles_20260425T110159Z/9_mem_n8000000_q1000000_h50_dense_g1_j0_s17_t16_mcold.csv
  time_metrics=bench_results/memory_ramp_mixed_profiles_20260425T110159Z/9_mem_n8000000_q1000000_h50_dense_g1_j0_s17_t16_mcold.time.txt
[2026-04-25T11:02:01Z] case=10 profile=mem_n8000000_q1000000_h50_dense_g1_j0_s17_t16_mwarm estimated_gib=0.123 mode=warm warmup_runs=1
  benchmark_csv=bench_results/memory_ramp_mixed_profiles_20260425T110159Z/10_mem_n8000000_q1000000_h50_dense_g1_j0_s17_t16_mwarm.csv
  time_metrics=bench_results/memory_ramp_mixed_profiles_20260425T110159Z/10_mem_n8000000_q1000000_h50_dense_g1_j0_s17_t16_mwarm.time.txt
[2026-04-25T11:02:01Z] case=11 profile=mem_n8000000_q1000000_h50_jitter_g8_j8_s17_t16_mcold estimated_gib=0.123 mode=cold warmup_runs=0
  benchmark_csv=bench_results/memory_ramp_mixed_profiles_20260425T110159Z/11_mem_n8000000_q1000000_h50_jitter_g8_j8_s17_t16_mcold.csv
  time_metrics=bench_results/memory_ramp_mixed_profiles_20260425T110159Z/11_mem_n8000000_q1000000_h50_jitter_g8_j8_s17_t16_mcold.time.txt
[2026-04-25T11:02:01Z] case=12 profile=mem_n8000000_q1000000_h50_jitter_g8_j8_s17_t16_mwarm estimated_gib=0.123 mode=warm warmup_runs=1
  benchmark_csv=bench_results/memory_ramp_mixed_profiles_20260425T110159Z/12_mem_n8000000_q1000000_h50_jitter_g8_j8_s17_t16_mwarm.csv
  time_metrics=bench_results/memory_ramp_mixed_profiles_20260425T110159Z/12_mem_n8000000_q1000000_h50_jitter_g8_j8_s17_t16_mwarm.time.txt
[2026-04-25T11:02:02Z] case=13 profile=mem_n8000000_q1000000_h0_dense_g1_j0_s17_t16_mcold estimated_gib=0.123 mode=cold warmup_runs=0
  benchmark_csv=bench_results/memory_ramp_mixed_profiles_20260425T110159Z/13_mem_n8000000_q1000000_h0_dense_g1_j0_s17_t16_mcold.csv
  time_metrics=bench_results/memory_ramp_mixed_profiles_20260425T110159Z/13_mem_n8000000_q1000000_h0_dense_g1_j0_s17_t16_mcold.time.txt
[2026-04-25T11:02:02Z] case=14 profile=mem_n8000000_q1000000_h0_dense_g1_j0_s17_t16_mwarm estimated_gib=0.123 mode=warm warmup_runs=1
  benchmark_csv=bench_results/memory_ramp_mixed_profiles_20260425T110159Z/14_mem_n8000000_q1000000_h0_dense_g1_j0_s17_t16_mwarm.csv
  time_metrics=bench_results/memory_ramp_mixed_profiles_20260425T110159Z/14_mem_n8000000_q1000000_h0_dense_g1_j0_s17_t16_mwarm.time.txt
[2026-04-25T11:02:02Z] case=15 profile=mem_n8000000_q1000000_h0_jitter_g8_j8_s17_t16_mcold estimated_gib=0.123 mode=cold warmup_runs=0
  benchmark_csv=bench_results/memory_ramp_mixed_profiles_20260425T110159Z/15_mem_n8000000_q1000000_h0_jitter_g8_j8_s17_t16_mcold.csv
  time_metrics=bench_results/memory_ramp_mixed_profiles_20260425T110159Z/15_mem_n8000000_q1000000_h0_jitter_g8_j8_s17_t16_mcold.time.txt
[2026-04-25T11:02:02Z] case=16 profile=mem_n8000000_q1000000_h0_jitter_g8_j8_s17_t16_mwarm estimated_gib=0.123 mode=warm warmup_runs=1
  benchmark_csv=bench_results/memory_ramp_mixed_profiles_20260425T110159Z/16_mem_n8000000_q1000000_h0_jitter_g8_j8_s17_t16_mwarm.csv
  time_metrics=bench_results/memory_ramp_mixed_profiles_20260425T110159Z/16_mem_n8000000_q1000000_h0_jitter_g8_j8_s17_t16_mwarm.time.txt
[2026-04-25T11:02:02Z] case=17 profile=mem_n32000000_q1000000_h50_dense_g1_j0_s17_t16_mcold estimated_gib=0.320 mode=cold warmup_runs=0
  benchmark_csv=bench_results/memory_ramp_mixed_profiles_20260425T110159Z/17_mem_n32000000_q1000000_h50_dense_g1_j0_s17_t16_mcold.csv
  time_metrics=bench_results/memory_ramp_mixed_profiles_20260425T110159Z/17_mem_n32000000_q1000000_h50_dense_g1_j0_s17_t16_mcold.time.txt
[2026-04-25T11:02:03Z] case=18 profile=mem_n32000000_q1000000_h50_dense_g1_j0_s17_t16_mwarm estimated_gib=0.320 mode=warm warmup_runs=1
  benchmark_csv=bench_results/memory_ramp_mixed_profiles_20260425T110159Z/18_mem_n32000000_q1000000_h50_dense_g1_j0_s17_t16_mwarm.csv
  time_metrics=bench_results/memory_ramp_mixed_profiles_20260425T110159Z/18_mem_n32000000_q1000000_h50_dense_g1_j0_s17_t16_mwarm.time.txt
[2026-04-25T11:02:03Z] case=19 profile=mem_n32000000_q1000000_h50_jitter_g8_j8_s17_t16_mcold estimated_gib=0.320 mode=cold warmup_runs=0
  benchmark_csv=bench_results/memory_ramp_mixed_profiles_20260425T110159Z/19_mem_n32000000_q1000000_h50_jitter_g8_j8_s17_t16_mcold.csv
  time_metrics=bench_results/memory_ramp_mixed_profiles_20260425T110159Z/19_mem_n32000000_q1000000_h50_jitter_g8_j8_s17_t16_mcold.time.txt
[2026-04-25T11:02:03Z] case=20 profile=mem_n32000000_q1000000_h50_jitter_g8_j8_s17_t16_mwarm estimated_gib=0.320 mode=warm warmup_runs=1
  benchmark_csv=bench_results/memory_ramp_mixed_profiles_20260425T110159Z/20_mem_n32000000_q1000000_h50_jitter_g8_j8_s17_t16_mwarm.csv
  time_metrics=bench_results/memory_ramp_mixed_profiles_20260425T110159Z/20_mem_n32000000_q1000000_h50_jitter_g8_j8_s17_t16_mwarm.time.txt
[2026-04-25T11:02:04Z] case=21 profile=mem_n32000000_q1000000_h0_dense_g1_j0_s17_t16_mcold estimated_gib=0.320 mode=cold warmup_runs=0
  benchmark_csv=bench_results/memory_ramp_mixed_profiles_20260425T110159Z/21_mem_n32000000_q1000000_h0_dense_g1_j0_s17_t16_mcold.csv
  time_metrics=bench_results/memory_ramp_mixed_profiles_20260425T110159Z/21_mem_n32000000_q1000000_h0_dense_g1_j0_s17_t16_mcold.time.txt
[2026-04-25T11:02:04Z] case=22 profile=mem_n32000000_q1000000_h0_dense_g1_j0_s17_t16_mwarm estimated_gib=0.320 mode=warm warmup_runs=1
  benchmark_csv=bench_results/memory_ramp_mixed_profiles_20260425T110159Z/22_mem_n32000000_q1000000_h0_dense_g1_j0_s17_t16_mwarm.csv
  time_metrics=bench_results/memory_ramp_mixed_profiles_20260425T110159Z/22_mem_n32000000_q1000000_h0_dense_g1_j0_s17_t16_mwarm.time.txt
[2026-04-25T11:02:04Z] case=23 profile=mem_n32000000_q1000000_h0_jitter_g8_j8_s17_t16_mcold estimated_gib=0.320 mode=cold warmup_runs=0
  benchmark_csv=bench_results/memory_ramp_mixed_profiles_20260425T110159Z/23_mem_n32000000_q1000000_h0_jitter_g8_j8_s17_t16_mcold.csv
  time_metrics=bench_results/memory_ramp_mixed_profiles_20260425T110159Z/23_mem_n32000000_q1000000_h0_jitter_g8_j8_s17_t16_mcold.time.txt
[2026-04-25T11:02:05Z] case=24 profile=mem_n32000000_q1000000_h0_jitter_g8_j8_s17_t16_mwarm estimated_gib=0.320 mode=warm warmup_runs=1
  benchmark_csv=bench_results/memory_ramp_mixed_profiles_20260425T110159Z/24_mem_n32000000_q1000000_h0_jitter_g8_j8_s17_t16_mwarm.csv
  time_metrics=bench_results/memory_ramp_mixed_profiles_20260425T110159Z/24_mem_n32000000_q1000000_h0_jitter_g8_j8_s17_t16_mwarm.time.txt
[2026-04-25T11:02:05Z] case=25 profile=mem_n128000000_q1000000_h50_dense_g1_j0_s17_t16_mcold estimated_gib=1.106 mode=cold warmup_runs=0
  benchmark_csv=bench_results/memory_ramp_mixed_profiles_20260425T110159Z/25_mem_n128000000_q1000000_h50_dense_g1_j0_s17_t16_mcold.csv
  time_metrics=bench_results/memory_ramp_mixed_profiles_20260425T110159Z/25_mem_n128000000_q1000000_h50_dense_g1_j0_s17_t16_mcold.time.txt
[2026-04-25T11:02:06Z] case=26 profile=mem_n128000000_q1000000_h50_dense_g1_j0_s17_t16_mwarm estimated_gib=1.106 mode=warm warmup_runs=1
  benchmark_csv=bench_results/memory_ramp_mixed_profiles_20260425T110159Z/26_mem_n128000000_q1000000_h50_dense_g1_j0_s17_t16_mwarm.csv
  time_metrics=bench_results/memory_ramp_mixed_profiles_20260425T110159Z/26_mem_n128000000_q1000000_h50_dense_g1_j0_s17_t16_mwarm.time.txt
[2026-04-25T11:02:06Z] case=27 profile=mem_n128000000_q1000000_h50_jitter_g8_j8_s17_t16_mcold estimated_gib=1.106 mode=cold warmup_runs=0
  benchmark_csv=bench_results/memory_ramp_mixed_profiles_20260425T110159Z/27_mem_n128000000_q1000000_h50_jitter_g8_j8_s17_t16_mcold.csv
  time_metrics=bench_results/memory_ramp_mixed_profiles_20260425T110159Z/27_mem_n128000000_q1000000_h50_jitter_g8_j8_s17_t16_mcold.time.txt
[2026-04-25T11:02:07Z] case=28 profile=mem_n128000000_q1000000_h50_jitter_g8_j8_s17_t16_mwarm estimated_gib=1.106 mode=warm warmup_runs=1
  benchmark_csv=bench_results/memory_ramp_mixed_profiles_20260425T110159Z/28_mem_n128000000_q1000000_h50_jitter_g8_j8_s17_t16_mwarm.csv
  time_metrics=bench_results/memory_ramp_mixed_profiles_20260425T110159Z/28_mem_n128000000_q1000000_h50_jitter_g8_j8_s17_t16_mwarm.time.txt
[2026-04-25T11:02:08Z] case=29 profile=mem_n128000000_q1000000_h0_dense_g1_j0_s17_t16_mcold estimated_gib=1.106 mode=cold warmup_runs=0
  benchmark_csv=bench_results/memory_ramp_mixed_profiles_20260425T110159Z/29_mem_n128000000_q1000000_h0_dense_g1_j0_s17_t16_mcold.csv
  time_metrics=bench_results/memory_ramp_mixed_profiles_20260425T110159Z/29_mem_n128000000_q1000000_h0_dense_g1_j0_s17_t16_mcold.time.txt
[2026-04-25T11:02:09Z] case=30 profile=mem_n128000000_q1000000_h0_dense_g1_j0_s17_t16_mwarm estimated_gib=1.106 mode=warm warmup_runs=1
  benchmark_csv=bench_results/memory_ramp_mixed_profiles_20260425T110159Z/30_mem_n128000000_q1000000_h0_dense_g1_j0_s17_t16_mwarm.csv
  time_metrics=bench_results/memory_ramp_mixed_profiles_20260425T110159Z/30_mem_n128000000_q1000000_h0_dense_g1_j0_s17_t16_mwarm.time.txt
[2026-04-25T11:02:09Z] case=31 profile=mem_n128000000_q1000000_h0_jitter_g8_j8_s17_t16_mcold estimated_gib=1.106 mode=cold warmup_runs=0
  benchmark_csv=bench_results/memory_ramp_mixed_profiles_20260425T110159Z/31_mem_n128000000_q1000000_h0_jitter_g8_j8_s17_t16_mcold.csv
  time_metrics=bench_results/memory_ramp_mixed_profiles_20260425T110159Z/31_mem_n128000000_q1000000_h0_jitter_g8_j8_s17_t16_mcold.time.txt
[2026-04-25T11:02:10Z] case=32 profile=mem_n128000000_q1000000_h0_jitter_g8_j8_s17_t16_mwarm estimated_gib=1.106 mode=warm warmup_runs=1
  benchmark_csv=bench_results/memory_ramp_mixed_profiles_20260425T110159Z/32_mem_n128000000_q1000000_h0_jitter_g8_j8_s17_t16_mwarm.csv
  time_metrics=bench_results/memory_ramp_mixed_profiles_20260425T110159Z/32_mem_n128000000_q1000000_h0_jitter_g8_j8_s17_t16_mwarm.time.txt
