[2026-04-25T10:59:24Z] case=1 profile=mem_n1000000_q200000_h100_dense_g1_j0_s17_t16_mcold estimated_gib=0.020 mode=cold warmup_runs=0
  benchmark_csv=bench_results/memory_ramp_cold_warm_20260425T105924Z/1_mem_n1000000_q200000_h100_dense_g1_j0_s17_t16_mcold.csv
  time_metrics=bench_results/memory_ramp_cold_warm_20260425T105924Z/1_mem_n1000000_q200000_h100_dense_g1_j0_s17_t16_mcold.time.txt
[2026-04-25T10:59:24Z] case=2 profile=mem_n1000000_q200000_h100_dense_g1_j0_s17_t16_mwarm estimated_gib=0.020 mode=warm warmup_runs=1
  benchmark_csv=bench_results/memory_ramp_cold_warm_20260425T105924Z/2_mem_n1000000_q200000_h100_dense_g1_j0_s17_t16_mwarm.csv
  time_metrics=bench_results/memory_ramp_cold_warm_20260425T105924Z/2_mem_n1000000_q200000_h100_dense_g1_j0_s17_t16_mwarm.time.txt
[2026-04-25T10:59:24Z] case=3 profile=mem_n8000000_q200000_h100_dense_g1_j0_s17_t16_mcold estimated_gib=0.077 mode=cold warmup_runs=0
  benchmark_csv=bench_results/memory_ramp_cold_warm_20260425T105924Z/3_mem_n8000000_q200000_h100_dense_g1_j0_s17_t16_mcold.csv
  time_metrics=bench_results/memory_ramp_cold_warm_20260425T105924Z/3_mem_n8000000_q200000_h100_dense_g1_j0_s17_t16_mcold.time.txt
[2026-04-25T10:59:25Z] case=4 profile=mem_n8000000_q200000_h100_dense_g1_j0_s17_t16_mwarm estimated_gib=0.077 mode=warm warmup_runs=1
  benchmark_csv=bench_results/memory_ramp_cold_warm_20260425T105924Z/4_mem_n8000000_q200000_h100_dense_g1_j0_s17_t16_mwarm.csv
  time_metrics=bench_results/memory_ramp_cold_warm_20260425T105924Z/4_mem_n8000000_q200000_h100_dense_g1_j0_s17_t16_mwarm.time.txt
[2026-04-25T10:59:25Z] case=5 profile=mem_n32000000_q200000_h100_dense_g1_j0_s17_t16_mcold estimated_gib=0.274 mode=cold warmup_runs=0
  benchmark_csv=bench_results/memory_ramp_cold_warm_20260425T105924Z/5_mem_n32000000_q200000_h100_dense_g1_j0_s17_t16_mcold.csv
  time_metrics=bench_results/memory_ramp_cold_warm_20260425T105924Z/5_mem_n32000000_q200000_h100_dense_g1_j0_s17_t16_mcold.time.txt
[2026-04-25T10:59:25Z] case=6 profile=mem_n32000000_q200000_h100_dense_g1_j0_s17_t16_mwarm estimated_gib=0.274 mode=warm warmup_runs=1
  benchmark_csv=bench_results/memory_ramp_cold_warm_20260425T105924Z/6_mem_n32000000_q200000_h100_dense_g1_j0_s17_t16_mwarm.csv
  time_metrics=bench_results/memory_ramp_cold_warm_20260425T105924Z/6_mem_n32000000_q200000_h100_dense_g1_j0_s17_t16_mwarm.time.txt
[2026-04-25T10:59:25Z] case=7 profile=mem_n128000000_q200000_h100_dense_g1_j0_s17_t16_mcold estimated_gib=1.061 mode=cold warmup_runs=0
  benchmark_csv=bench_results/memory_ramp_cold_warm_20260425T105924Z/7_mem_n128000000_q200000_h100_dense_g1_j0_s17_t16_mcold.csv
  time_metrics=bench_results/memory_ramp_cold_warm_20260425T105924Z/7_mem_n128000000_q200000_h100_dense_g1_j0_s17_t16_mcold.time.txt
[2026-04-25T10:59:26Z] case=8 profile=mem_n128000000_q200000_h100_dense_g1_j0_s17_t16_mwarm estimated_gib=1.061 mode=warm warmup_runs=1
  benchmark_csv=bench_results/memory_ramp_cold_warm_20260425T105924Z/8_mem_n128000000_q200000_h100_dense_g1_j0_s17_t16_mwarm.csv
  time_metrics=bench_results/memory_ramp_cold_warm_20260425T105924Z/8_mem_n128000000_q200000_h100_dense_g1_j0_s17_t16_mwarm.time.txt
