[2026-04-25T11:12:43Z] case=1 profile=mem_n1000000_q200000_h100_dense_g1_j0_s17_t8_mcold estimated_gib=0.020 mode=cold warmup_runs=0
  benchmark_csv=bench_results/thread_sweep8_20260425T111243Z/1_mem_n1000000_q200000_h100_dense_g1_j0_s17_t8_mcold.csv
  time_metrics=bench_results/thread_sweep8_20260425T111243Z/1_mem_n1000000_q200000_h100_dense_g1_j0_s17_t8_mcold.time.txt
[2026-04-25T11:12:43Z] case=2 profile=mem_n1000000_q200000_h100_dense_g1_j0_s17_t8_mwarm estimated_gib=0.020 mode=warm warmup_runs=1
  benchmark_csv=bench_results/thread_sweep8_20260425T111243Z/2_mem_n1000000_q200000_h100_dense_g1_j0_s17_t8_mwarm.csv
  time_metrics=bench_results/thread_sweep8_20260425T111243Z/2_mem_n1000000_q200000_h100_dense_g1_j0_s17_t8_mwarm.time.txt
[2026-04-25T11:12:44Z] case=3 profile=mem_n8000000_q200000_h100_dense_g1_j0_s17_t8_mcold estimated_gib=0.077 mode=cold warmup_runs=0
  benchmark_csv=bench_results/thread_sweep8_20260425T111243Z/3_mem_n8000000_q200000_h100_dense_g1_j0_s17_t8_mcold.csv
  time_metrics=bench_results/thread_sweep8_20260425T111243Z/3_mem_n8000000_q200000_h100_dense_g1_j0_s17_t8_mcold.time.txt
[2026-04-25T11:12:44Z] case=4 profile=mem_n8000000_q200000_h100_dense_g1_j0_s17_t8_mwarm estimated_gib=0.077 mode=warm warmup_runs=1
  benchmark_csv=bench_results/thread_sweep8_20260425T111243Z/4_mem_n8000000_q200000_h100_dense_g1_j0_s17_t8_mwarm.csv
  time_metrics=bench_results/thread_sweep8_20260425T111243Z/4_mem_n8000000_q200000_h100_dense_g1_j0_s17_t8_mwarm.time.txt
[2026-04-25T11:12:44Z] case=5 profile=mem_n32_q200000_h100_dense_g1_j0_s17_t8_mcold estimated_gib=0.011 mode=cold warmup_runs=0
  benchmark_csv=bench_results/thread_sweep8_20260425T111243Z/5_mem_n32_q200000_h100_dense_g1_j0_s17_t8_mcold.csv
  time_metrics=bench_results/thread_sweep8_20260425T111243Z/5_mem_n32_q200000_h100_dense_g1_j0_s17_t8_mcold.time.txt
[2026-04-25T11:12:44Z] case=6 profile=mem_n32_q200000_h100_dense_g1_j0_s17_t8_mwarm estimated_gib=0.011 mode=warm warmup_runs=1
  benchmark_csv=bench_results/thread_sweep8_20260425T111243Z/6_mem_n32_q200000_h100_dense_g1_j0_s17_t8_mwarm.csv
  time_metrics=bench_results/thread_sweep8_20260425T111243Z/6_mem_n32_q200000_h100_dense_g1_j0_s17_t8_mwarm.time.txt
[2026-04-25T11:12:44Z] case=7 profile=mem_n128000000_q200000_h100_dense_g1_j0_s17_t8_mcold estimated_gib=1.061 mode=cold warmup_runs=0
  benchmark_csv=bench_results/thread_sweep8_20260425T111243Z/7_mem_n128000000_q200000_h100_dense_g1_j0_s17_t8_mcold.csv
  time_metrics=bench_results/thread_sweep8_20260425T111243Z/7_mem_n128000000_q200000_h100_dense_g1_j0_s17_t8_mcold.time.txt
[2026-04-25T11:12:44Z] case=8 profile=mem_n128000000_q200000_h100_dense_g1_j0_s17_t8_mwarm estimated_gib=1.061 mode=warm warmup_runs=1
  benchmark_csv=bench_results/thread_sweep8_20260425T111243Z/8_mem_n128000000_q200000_h100_dense_g1_j0_s17_t8_mwarm.csv
  time_metrics=bench_results/thread_sweep8_20260425T111243Z/8_mem_n128000000_q200000_h100_dense_g1_j0_s17_t8_mwarm.time.txt
[2026-04-25T11:12:45Z] case=9 profile=mem_n1000000_q1000000_h100_dense_g1_j0_s17_t8_mcold estimated_gib=0.066 mode=cold warmup_runs=0
  benchmark_csv=bench_results/thread_sweep8_20260425T111243Z/9_mem_n1000000_q1000000_h100_dense_g1_j0_s17_t8_mcold.csv
  time_metrics=bench_results/thread_sweep8_20260425T111243Z/9_mem_n1000000_q1000000_h100_dense_g1_j0_s17_t8_mcold.time.txt
[2026-04-25T11:12:45Z] case=10 profile=mem_n1000000_q1000000_h100_dense_g1_j0_s17_t8_mwarm estimated_gib=0.066 mode=warm warmup_runs=1
  benchmark_csv=bench_results/thread_sweep8_20260425T111243Z/10_mem_n1000000_q1000000_h100_dense_g1_j0_s17_t8_mwarm.csv
  time_metrics=bench_results/thread_sweep8_20260425T111243Z/10_mem_n1000000_q1000000_h100_dense_g1_j0_s17_t8_mwarm.time.txt
[2026-04-25T11:12:46Z] case=11 profile=mem_n8000000_q1000000_h100_dense_g1_j0_s17_t8_mcold estimated_gib=0.123 mode=cold warmup_runs=0
  benchmark_csv=bench_results/thread_sweep8_20260425T111243Z/11_mem_n8000000_q1000000_h100_dense_g1_j0_s17_t8_mcold.csv
  time_metrics=bench_results/thread_sweep8_20260425T111243Z/11_mem_n8000000_q1000000_h100_dense_g1_j0_s17_t8_mcold.time.txt
[2026-04-25T11:12:46Z] case=12 profile=mem_n8000000_q1000000_h100_dense_g1_j0_s17_t8_mwarm estimated_gib=0.123 mode=warm warmup_runs=1
  benchmark_csv=bench_results/thread_sweep8_20260425T111243Z/12_mem_n8000000_q1000000_h100_dense_g1_j0_s17_t8_mwarm.csv
  time_metrics=bench_results/thread_sweep8_20260425T111243Z/12_mem_n8000000_q1000000_h100_dense_g1_j0_s17_t8_mwarm.time.txt
[2026-04-25T11:12:47Z] case=13 profile=mem_n32_q1000000_h100_dense_g1_j0_s17_t8_mcold estimated_gib=0.057 mode=cold warmup_runs=0
  benchmark_csv=bench_results/thread_sweep8_20260425T111243Z/13_mem_n32_q1000000_h100_dense_g1_j0_s17_t8_mcold.csv
  time_metrics=bench_results/thread_sweep8_20260425T111243Z/13_mem_n32_q1000000_h100_dense_g1_j0_s17_t8_mcold.time.txt
[2026-04-25T11:12:47Z] case=14 profile=mem_n32_q1000000_h100_dense_g1_j0_s17_t8_mwarm estimated_gib=0.057 mode=warm warmup_runs=1
  benchmark_csv=bench_results/thread_sweep8_20260425T111243Z/14_mem_n32_q1000000_h100_dense_g1_j0_s17_t8_mwarm.csv
  time_metrics=bench_results/thread_sweep8_20260425T111243Z/14_mem_n32_q1000000_h100_dense_g1_j0_s17_t8_mwarm.time.txt
[2026-04-25T11:12:47Z] case=15 profile=mem_n128000000_q1000000_h100_dense_g1_j0_s17_t8_mcold estimated_gib=1.106 mode=cold warmup_runs=0
  benchmark_csv=bench_results/thread_sweep8_20260425T111243Z/15_mem_n128000000_q1000000_h100_dense_g1_j0_s17_t8_mcold.csv
  time_metrics=bench_results/thread_sweep8_20260425T111243Z/15_mem_n128000000_q1000000_h100_dense_g1_j0_s17_t8_mcold.time.txt
[2026-04-25T11:12:48Z] case=16 profile=mem_n128000000_q1000000_h100_dense_g1_j0_s17_t8_mwarm estimated_gib=1.106 mode=warm warmup_runs=1
  benchmark_csv=bench_results/thread_sweep8_20260425T111243Z/16_mem_n128000000_q1000000_h100_dense_g1_j0_s17_t8_mwarm.csv
  time_metrics=bench_results/thread_sweep8_20260425T111243Z/16_mem_n128000000_q1000000_h100_dense_g1_j0_s17_t8_mwarm.time.txt
[2026-04-25T11:12:49Z] case=17 profile=mem_n1000000_q4000000_h100_dense_g1_j0_s17_t8_mcold estimated_gib=0.238 mode=cold warmup_runs=0
  benchmark_csv=bench_results/thread_sweep8_20260425T111243Z/17_mem_n1000000_q4000000_h100_dense_g1_j0_s17_t8_mcold.csv
  time_metrics=bench_results/thread_sweep8_20260425T111243Z/17_mem_n1000000_q4000000_h100_dense_g1_j0_s17_t8_mcold.time.txt
[2026-04-25T11:12:50Z] case=18 profile=mem_n1000000_q4000000_h100_dense_g1_j0_s17_t8_mwarm estimated_gib=0.238 mode=warm warmup_runs=1
  benchmark_csv=bench_results/thread_sweep8_20260425T111243Z/18_mem_n1000000_q4000000_h100_dense_g1_j0_s17_t8_mwarm.csv
  time_metrics=bench_results/thread_sweep8_20260425T111243Z/18_mem_n1000000_q4000000_h100_dense_g1_j0_s17_t8_mwarm.time.txt
[2026-04-25T11:12:51Z] case=19 profile=mem_n8000000_q4000000_h100_dense_g1_j0_s17_t8_mcold estimated_gib=0.295 mode=cold warmup_runs=0
  benchmark_csv=bench_results/thread_sweep8_20260425T111243Z/19_mem_n8000000_q4000000_h100_dense_g1_j0_s17_t8_mcold.csv
  time_metrics=bench_results/thread_sweep8_20260425T111243Z/19_mem_n8000000_q4000000_h100_dense_g1_j0_s17_t8_mcold.time.txt
[2026-04-25T11:12:52Z] case=20 profile=mem_n8000000_q4000000_h100_dense_g1_j0_s17_t8_mwarm estimated_gib=0.295 mode=warm warmup_runs=1
  benchmark_csv=bench_results/thread_sweep8_20260425T111243Z/20_mem_n8000000_q4000000_h100_dense_g1_j0_s17_t8_mwarm.csv
  time_metrics=bench_results/thread_sweep8_20260425T111243Z/20_mem_n8000000_q4000000_h100_dense_g1_j0_s17_t8_mwarm.time.txt
[2026-04-25T11:12:54Z] case=21 profile=mem_n32_q4000000_h100_dense_g1_j0_s17_t8_mcold estimated_gib=0.229 mode=cold warmup_runs=0
  benchmark_csv=bench_results/thread_sweep8_20260425T111243Z/21_mem_n32_q4000000_h100_dense_g1_j0_s17_t8_mcold.csv
  time_metrics=bench_results/thread_sweep8_20260425T111243Z/21_mem_n32_q4000000_h100_dense_g1_j0_s17_t8_mcold.time.txt
[2026-04-25T11:12:55Z] case=22 profile=mem_n32_q4000000_h100_dense_g1_j0_s17_t8_mwarm estimated_gib=0.229 mode=warm warmup_runs=1
  benchmark_csv=bench_results/thread_sweep8_20260425T111243Z/22_mem_n32_q4000000_h100_dense_g1_j0_s17_t8_mwarm.csv
  time_metrics=bench_results/thread_sweep8_20260425T111243Z/22_mem_n32_q4000000_h100_dense_g1_j0_s17_t8_mwarm.time.txt
[2026-04-25T11:12:56Z] case=23 profile=mem_n128000000_q4000000_h100_dense_g1_j0_s17_t8_mcold estimated_gib=1.279 mode=cold warmup_runs=0
  benchmark_csv=bench_results/thread_sweep8_20260425T111243Z/23_mem_n128000000_q4000000_h100_dense_g1_j0_s17_t8_mcold.csv
  time_metrics=bench_results/thread_sweep8_20260425T111243Z/23_mem_n128000000_q4000000_h100_dense_g1_j0_s17_t8_mcold.time.txt
[2026-04-25T11:12:57Z] case=24 profile=mem_n128000000_q4000000_h100_dense_g1_j0_s17_t8_mwarm estimated_gib=1.279 mode=warm warmup_runs=1
  benchmark_csv=bench_results/thread_sweep8_20260425T111243Z/24_mem_n128000000_q4000000_h100_dense_g1_j0_s17_t8_mwarm.csv
  time_metrics=bench_results/thread_sweep8_20260425T111243Z/24_mem_n128000000_q4000000_h100_dense_g1_j0_s17_t8_mwarm.time.txt
