case 1 ok: bench_results/threadext_sweep24_20260425T111627Z/1_mem_n1000000_q200000_h100_dense_g1_j0_s17_t24_mcold.csv
case 2 ok: bench_results/threadext_sweep24_20260425T111627Z/2_mem_n1000000_q200000_h100_dense_g1_j0_s17_t24_mwarm.csv
case 3 ok: bench_results/threadext_sweep24_20260425T111627Z/3_mem_n8000000_q200000_h100_dense_g1_j0_s17_t24_mcold.csv
case 4 ok: bench_results/threadext_sweep24_20260425T111627Z/4_mem_n8000000_q200000_h100_dense_g1_j0_s17_t24_mwarm.csv
case 5 ok: bench_results/threadext_sweep24_20260425T111627Z/5_mem_n32000000_q200000_h100_dense_g1_j0_s17_t24_mcold.csv
case 6 ok: bench_results/threadext_sweep24_20260425T111627Z/6_mem_n32000000_q200000_h100_dense_g1_j0_s17_t24_mwarm.csv
case 7 ok: bench_results/threadext_sweep24_20260425T111627Z/7_mem_n128000000_q200000_h100_dense_g1_j0_s17_t24_mcold.csv
case 8 ok: bench_results/threadext_sweep24_20260425T111627Z/8_mem_n128000000_q200000_h100_dense_g1_j0_s17_t24_mwarm.csv
case 9 ok: bench_results/threadext_sweep24_20260425T111627Z/9_mem_n1000000_q1000000_h100_dense_g1_j0_s17_t24_mcold.csv
case 10 ok: bench_results/threadext_sweep24_20260425T111627Z/10_mem_n1000000_q1000000_h100_dense_g1_j0_s17_t24_mwarm.csv
case 11 ok: bench_results/threadext_sweep24_20260425T111627Z/11_mem_n8000000_q1000000_h100_dense_g1_j0_s17_t24_mcold.csv
case 12 ok: bench_results/threadext_sweep24_20260425T111627Z/12_mem_n8000000_q1000000_h100_dense_g1_j0_s17_t24_mwarm.csv
case 13 ok: bench_results/threadext_sweep24_20260425T111627Z/13_mem_n32000000_q1000000_h100_dense_g1_j0_s17_t24_mcold.csv
case 14 ok: bench_results/threadext_sweep24_20260425T111627Z/14_mem_n32000000_q1000000_h100_dense_g1_j0_s17_t24_mwarm.csv
case 15 ok: bench_results/threadext_sweep24_20260425T111627Z/15_mem_n128000000_q1000000_h100_dense_g1_j0_s17_t24_mcold.csv
case 16 ok: bench_results/threadext_sweep24_20260425T111627Z/16_mem_n128000000_q1000000_h100_dense_g1_j0_s17_t24_mwarm.csv
case 17 ok: bench_results/threadext_sweep24_20260425T111627Z/17_mem_n1000000_q4000000_h100_dense_g1_j0_s17_t24_mcold.csv
case 18 ok: bench_results/threadext_sweep24_20260425T111627Z/18_mem_n1000000_q4000000_h100_dense_g1_j0_s17_t24_mwarm.csv
case 19 ok: bench_results/threadext_sweep24_20260425T111627Z/19_mem_n8000000_q4000000_h100_dense_g1_j0_s17_t24_mcold.csv
case 20 ok: bench_results/threadext_sweep24_20260425T111627Z/20_mem_n8000000_q4000000_h100_dense_g1_j0_s17_t24_mwarm.csv
case 21 ok: bench_results/threadext_sweep24_20260425T111627Z/21_mem_n32000000_q4000000_h100_dense_g1_j0_s17_t24_mcold.csv
case 22 ok: bench_results/threadext_sweep24_20260425T111627Z/22_mem_n32000000_q4000000_h100_dense_g1_j0_s17_t24_mwarm.csv
case 23 ok: bench_results/threadext_sweep24_20260425T111627Z/23_mem_n128000000_q4000000_h100_dense_g1_j0_s17_t24_mcold.csv
case 24 ok: bench_results/threadext_sweep24_20260425T111627Z/24_mem_n128000000_q4000000_h100_dense_g1_j0_s17_t24_mwarm.csv
completed cases: 24
summary_csv=bench_results/threadext_sweep24_20260425T111627Z/memory_ramp_summary.csv
analysis_summary=bench_results/threadext_sweep24_20260425T111627Z/analysis_summary.md
run_log=bench_results/threadext_sweep24_20260425T111627Z/memory_ramp.log
