[2026-04-25T11:00:36Z] case=1 profile=mem_n1000000_q1000000_h100_dense_g1_j0_s17_t16_mcold estimated_gib=0.066 mode=cold warmup_runs=0
  benchmark_csv=bench_results/memory_ramp_query_scale_20260425T110036Z/1_mem_n1000000_q1000000_h100_dense_g1_j0_s17_t16_mcold.csv
  time_metrics=bench_results/memory_ramp_query_scale_20260425T110036Z/1_mem_n1000000_q1000000_h100_dense_g1_j0_s17_t16_mcold.time.txt
[2026-04-25T11:00:36Z] case=2 profile=mem_n1000000_q1000000_h100_dense_g1_j0_s17_t16_mwarm estimated_gib=0.066 mode=warm warmup_runs=1
  benchmark_csv=bench_results/memory_ramp_query_scale_20260425T110036Z/2_mem_n1000000_q1000000_h100_dense_g1_j0_s17_t16_mwarm.csv
  time_metrics=bench_results/memory_ramp_query_scale_20260425T110036Z/2_mem_n1000000_q1000000_h100_dense_g1_j0_s17_t16_mwarm.time.txt
[2026-04-25T11:00:37Z] case=3 profile=mem_n8000000_q1000000_h100_dense_g1_j0_s17_t16_mcold estimated_gib=0.123 mode=cold warmup_runs=0
  benchmark_csv=bench_results/memory_ramp_query_scale_20260425T110036Z/3_mem_n8000000_q1000000_h100_dense_g1_j0_s17_t16_mcold.csv
  time_metrics=bench_results/memory_ramp_query_scale_20260425T110036Z/3_mem_n8000000_q1000000_h100_dense_g1_j0_s17_t16_mcold.time.txt
[2026-04-25T11:00:37Z] case=4 profile=mem_n8000000_q1000000_h100_dense_g1_j0_s17_t16_mwarm estimated_gib=0.123 mode=warm warmup_runs=1
  benchmark_csv=bench_results/memory_ramp_query_scale_20260425T110036Z/4_mem_n8000000_q1000000_h100_dense_g1_j0_s17_t16_mwarm.csv
  time_metrics=bench_results/memory_ramp_query_scale_20260425T110036Z/4_mem_n8000000_q1000000_h100_dense_g1_j0_s17_t16_mwarm.time.txt
[2026-04-25T11:00:37Z] case=5 profile=mem_n32000000_q1000000_h100_dense_g1_j0_s17_t16_mcold estimated_gib=0.320 mode=cold warmup_runs=0
  benchmark_csv=bench_results/memory_ramp_query_scale_20260425T110036Z/5_mem_n32000000_q1000000_h100_dense_g1_j0_s17_t16_mcold.csv
  time_metrics=bench_results/memory_ramp_query_scale_20260425T110036Z/5_mem_n32000000_q1000000_h100_dense_g1_j0_s17_t16_mcold.time.txt
[2026-04-25T11:00:38Z] case=6 profile=mem_n32000000_q1000000_h100_dense_g1_j0_s17_t16_mwarm estimated_gib=0.320 mode=warm warmup_runs=1
  benchmark_csv=bench_results/memory_ramp_query_scale_20260425T110036Z/6_mem_n32000000_q1000000_h100_dense_g1_j0_s17_t16_mwarm.csv
  time_metrics=bench_results/memory_ramp_query_scale_20260425T110036Z/6_mem_n32000000_q1000000_h100_dense_g1_j0_s17_t16_mwarm.time.txt
[2026-04-25T11:00:38Z] case=7 profile=mem_n128000000_q1000000_h100_dense_g1_j0_s17_t16_mcold estimated_gib=1.106 mode=cold warmup_runs=0
  benchmark_csv=bench_results/memory_ramp_query_scale_20260425T110036Z/7_mem_n128000000_q1000000_h100_dense_g1_j0_s17_t16_mcold.csv
  time_metrics=bench_results/memory_ramp_query_scale_20260425T110036Z/7_mem_n128000000_q1000000_h100_dense_g1_j0_s17_t16_mcold.time.txt
[2026-04-25T11:00:39Z] case=8 profile=mem_n128000000_q1000000_h100_dense_g1_j0_s17_t16_mwarm estimated_gib=1.106 mode=warm warmup_runs=1
  benchmark_csv=bench_results/memory_ramp_query_scale_20260425T110036Z/8_mem_n128000000_q1000000_h100_dense_g1_j0_s17_t16_mwarm.csv
  time_metrics=bench_results/memory_ramp_query_scale_20260425T110036Z/8_mem_n128000000_q1000000_h100_dense_g1_j0_s17_t16_mwarm.time.txt
[2026-04-25T11:00:40Z] case=9 profile=mem_n1000000_q4000000_h100_dense_g1_j0_s17_t16_mcold estimated_gib=0.238 mode=cold warmup_runs=0
  benchmark_csv=bench_results/memory_ramp_query_scale_20260425T110036Z/9_mem_n1000000_q4000000_h100_dense_g1_j0_s17_t16_mcold.csv
  time_metrics=bench_results/memory_ramp_query_scale_20260425T110036Z/9_mem_n1000000_q4000000_h100_dense_g1_j0_s17_t16_mcold.time.txt
[2026-04-25T11:00:41Z] case=10 profile=mem_n1000000_q4000000_h100_dense_g1_j0_s17_t16_mwarm estimated_gib=0.238 mode=warm warmup_runs=1
  benchmark_csv=bench_results/memory_ramp_query_scale_20260425T110036Z/10_mem_n1000000_q4000000_h100_dense_g1_j0_s17_t16_mwarm.csv
  time_metrics=bench_results/memory_ramp_query_scale_20260425T110036Z/10_mem_n1000000_q4000000_h100_dense_g1_j0_s17_t16_mwarm.time.txt
[2026-04-25T11:00:42Z] case=11 profile=mem_n8000000_q4000000_h100_dense_g1_j0_s17_t16_mcold estimated_gib=0.295 mode=cold warmup_runs=0
  benchmark_csv=bench_results/memory_ramp_query_scale_20260425T110036Z/11_mem_n8000000_q4000000_h100_dense_g1_j0_s17_t16_mcold.csv
  time_metrics=bench_results/memory_ramp_query_scale_20260425T110036Z/11_mem_n8000000_q4000000_h100_dense_g1_j0_s17_t16_mcold.time.txt
[2026-04-25T11:00:43Z] case=12 profile=mem_n8000000_q4000000_h100_dense_g1_j0_s17_t16_mwarm estimated_gib=0.295 mode=warm warmup_runs=1
  benchmark_csv=bench_results/memory_ramp_query_scale_20260425T110036Z/12_mem_n8000000_q4000000_h100_dense_g1_j0_s17_t16_mwarm.csv
  time_metrics=bench_results/memory_ramp_query_scale_20260425T110036Z/12_mem_n8000000_q4000000_h100_dense_g1_j0_s17_t16_mwarm.time.txt
[2026-04-25T11:00:44Z] case=13 profile=mem_n32000000_q4000000_h100_dense_g1_j0_s17_t16_mcold estimated_gib=0.492 mode=cold warmup_runs=0
  benchmark_csv=bench_results/memory_ramp_query_scale_20260425T110036Z/13_mem_n32000000_q4000000_h100_dense_g1_j0_s17_t16_mcold.csv
  time_metrics=bench_results/memory_ramp_query_scale_20260425T110036Z/13_mem_n32000000_q4000000_h100_dense_g1_j0_s17_t16_mcold.time.txt
[2026-04-25T11:00:46Z] case=14 profile=mem_n32000000_q4000000_h100_dense_g1_j0_s17_t16_mwarm estimated_gib=0.492 mode=warm warmup_runs=1
  benchmark_csv=bench_results/memory_ramp_query_scale_20260425T110036Z/14_mem_n32000000_q4000000_h100_dense_g1_j0_s17_t16_mwarm.csv
  time_metrics=bench_results/memory_ramp_query_scale_20260425T110036Z/14_mem_n32000000_q4000000_h100_dense_g1_j0_s17_t16_mwarm.time.txt
[2026-04-25T11:00:47Z] case=15 profile=mem_n128000000_q4000000_h100_dense_g1_j0_s17_t16_mcold estimated_gib=1.279 mode=cold warmup_runs=0
  benchmark_csv=bench_results/memory_ramp_query_scale_20260425T110036Z/15_mem_n128000000_q4000000_h100_dense_g1_j0_s17_t16_mcold.csv
  time_metrics=bench_results/memory_ramp_query_scale_20260425T110036Z/15_mem_n128000000_q4000000_h100_dense_g1_j0_s17_t16_mcold.time.txt
[2026-04-25T11:00:49Z] case=16 profile=mem_n128000000_q4000000_h100_dense_g1_j0_s17_t16_mwarm estimated_gib=1.279 mode=warm warmup_runs=1
  benchmark_csv=bench_results/memory_ramp_query_scale_20260425T110036Z/16_mem_n128000000_q4000000_h100_dense_g1_j0_s17_t16_mwarm.csv
  time_metrics=bench_results/memory_ramp_query_scale_20260425T110036Z/16_mem_n128000000_q4000000_h100_dense_g1_j0_s17_t16_mwarm.time.txt
