[2026-04-25T11:13:12Z] case=1 profile=mem_n1000000_q200000_h100_dense_g1_j0_s17_t8_mcold estimated_gib=0.020 mode=cold warmup_runs=0
  benchmark_csv=bench_results/thread_sweep8_fix_20260425T111312Z/1_mem_n1000000_q200000_h100_dense_g1_j0_s17_t8_mcold.csv
  time_metrics=bench_results/thread_sweep8_fix_20260425T111312Z/1_mem_n1000000_q200000_h100_dense_g1_j0_s17_t8_mcold.time.txt
[2026-04-25T11:13:12Z] case=2 profile=mem_n1000000_q200000_h100_dense_g1_j0_s17_t8_mwarm estimated_gib=0.020 mode=warm warmup_runs=1
  benchmark_csv=bench_results/thread_sweep8_fix_20260425T111312Z/2_mem_n1000000_q200000_h100_dense_g1_j0_s17_t8_mwarm.csv
  time_metrics=bench_results/thread_sweep8_fix_20260425T111312Z/2_mem_n1000000_q200000_h100_dense_g1_j0_s17_t8_mwarm.time.txt
[2026-04-25T11:13:12Z] case=3 profile=mem_n8000000_q200000_h100_dense_g1_j0_s17_t8_mcold estimated_gib=0.077 mode=cold warmup_runs=0
  benchmark_csv=bench_results/thread_sweep8_fix_20260425T111312Z/3_mem_n8000000_q200000_h100_dense_g1_j0_s17_t8_mcold.csv
  time_metrics=bench_results/thread_sweep8_fix_20260425T111312Z/3_mem_n8000000_q200000_h100_dense_g1_j0_s17_t8_mcold.time.txt
[2026-04-25T11:13:12Z] case=4 profile=mem_n8000000_q200000_h100_dense_g1_j0_s17_t8_mwarm estimated_gib=0.077 mode=warm warmup_runs=1
  benchmark_csv=bench_results/thread_sweep8_fix_20260425T111312Z/4_mem_n8000000_q200000_h100_dense_g1_j0_s17_t8_mwarm.csv
  time_metrics=bench_results/thread_sweep8_fix_20260425T111312Z/4_mem_n8000000_q200000_h100_dense_g1_j0_s17_t8_mwarm.time.txt
[2026-04-25T11:13:13Z] case=5 profile=mem_n32000000_q200000_h100_dense_g1_j0_s17_t8_mcold estimated_gib=0.274 mode=cold warmup_runs=0
  benchmark_csv=bench_results/thread_sweep8_fix_20260425T111312Z/5_mem_n32000000_q200000_h100_dense_g1_j0_s17_t8_mcold.csv
  time_metrics=bench_results/thread_sweep8_fix_20260425T111312Z/5_mem_n32000000_q200000_h100_dense_g1_j0_s17_t8_mcold.time.txt
[2026-04-25T11:13:13Z] case=6 profile=mem_n32000000_q200000_h100_dense_g1_j0_s17_t8_mwarm estimated_gib=0.274 mode=warm warmup_runs=1
  benchmark_csv=bench_results/thread_sweep8_fix_20260425T111312Z/6_mem_n32000000_q200000_h100_dense_g1_j0_s17_t8_mwarm.csv
  time_metrics=bench_results/thread_sweep8_fix_20260425T111312Z/6_mem_n32000000_q200000_h100_dense_g1_j0_s17_t8_mwarm.time.txt
[2026-04-25T11:13:13Z] case=7 profile=mem_n128000000_q200000_h100_dense_g1_j0_s17_t8_mcold estimated_gib=1.061 mode=cold warmup_runs=0
  benchmark_csv=bench_results/thread_sweep8_fix_20260425T111312Z/7_mem_n128000000_q200000_h100_dense_g1_j0_s17_t8_mcold.csv
  time_metrics=bench_results/thread_sweep8_fix_20260425T111312Z/7_mem_n128000000_q200000_h100_dense_g1_j0_s17_t8_mcold.time.txt
[2026-04-25T11:13:13Z] case=8 profile=mem_n128000000_q200000_h100_dense_g1_j0_s17_t8_mwarm estimated_gib=1.061 mode=warm warmup_runs=1
  benchmark_csv=bench_results/thread_sweep8_fix_20260425T111312Z/8_mem_n128000000_q200000_h100_dense_g1_j0_s17_t8_mwarm.csv
  time_metrics=bench_results/thread_sweep8_fix_20260425T111312Z/8_mem_n128000000_q200000_h100_dense_g1_j0_s17_t8_mwarm.time.txt
[2026-04-25T11:13:14Z] case=9 profile=mem_n1000000_q1000000_h100_dense_g1_j0_s17_t8_mcold estimated_gib=0.066 mode=cold warmup_runs=0
  benchmark_csv=bench_results/thread_sweep8_fix_20260425T111312Z/9_mem_n1000000_q1000000_h100_dense_g1_j0_s17_t8_mcold.csv
  time_metrics=bench_results/thread_sweep8_fix_20260425T111312Z/9_mem_n1000000_q1000000_h100_dense_g1_j0_s17_t8_mcold.time.txt
[2026-04-25T11:13:14Z] case=10 profile=mem_n1000000_q1000000_h100_dense_g1_j0_s17_t8_mwarm estimated_gib=0.066 mode=warm warmup_runs=1
  benchmark_csv=bench_results/thread_sweep8_fix_20260425T111312Z/10_mem_n1000000_q1000000_h100_dense_g1_j0_s17_t8_mwarm.csv
  time_metrics=bench_results/thread_sweep8_fix_20260425T111312Z/10_mem_n1000000_q1000000_h100_dense_g1_j0_s17_t8_mwarm.time.txt
[2026-04-25T11:13:15Z] case=11 profile=mem_n8000000_q1000000_h100_dense_g1_j0_s17_t8_mcold estimated_gib=0.123 mode=cold warmup_runs=0
  benchmark_csv=bench_results/thread_sweep8_fix_20260425T111312Z/11_mem_n8000000_q1000000_h100_dense_g1_j0_s17_t8_mcold.csv
  time_metrics=bench_results/thread_sweep8_fix_20260425T111312Z/11_mem_n8000000_q1000000_h100_dense_g1_j0_s17_t8_mcold.time.txt
[2026-04-25T11:13:15Z] case=12 profile=mem_n8000000_q1000000_h100_dense_g1_j0_s17_t8_mwarm estimated_gib=0.123 mode=warm warmup_runs=1
  benchmark_csv=bench_results/thread_sweep8_fix_20260425T111312Z/12_mem_n8000000_q1000000_h100_dense_g1_j0_s17_t8_mwarm.csv
  time_metrics=bench_results/thread_sweep8_fix_20260425T111312Z/12_mem_n8000000_q1000000_h100_dense_g1_j0_s17_t8_mwarm.time.txt
[2026-04-25T11:13:15Z] case=13 profile=mem_n32000000_q1000000_h100_dense_g1_j0_s17_t8_mcold estimated_gib=0.320 mode=cold warmup_runs=0
  benchmark_csv=bench_results/thread_sweep8_fix_20260425T111312Z/13_mem_n32000000_q1000000_h100_dense_g1_j0_s17_t8_mcold.csv
  time_metrics=bench_results/thread_sweep8_fix_20260425T111312Z/13_mem_n32000000_q1000000_h100_dense_g1_j0_s17_t8_mcold.time.txt
[2026-04-25T11:13:16Z] case=14 profile=mem_n32000000_q1000000_h100_dense_g1_j0_s17_t8_mwarm estimated_gib=0.320 mode=warm warmup_runs=1
  benchmark_csv=bench_results/thread_sweep8_fix_20260425T111312Z/14_mem_n32000000_q1000000_h100_dense_g1_j0_s17_t8_mwarm.csv
  time_metrics=bench_results/thread_sweep8_fix_20260425T111312Z/14_mem_n32000000_q1000000_h100_dense_g1_j0_s17_t8_mwarm.time.txt
[2026-04-25T11:13:16Z] case=15 profile=mem_n128000000_q1000000_h100_dense_g1_j0_s17_t8_mcold estimated_gib=1.106 mode=cold warmup_runs=0
  benchmark_csv=bench_results/thread_sweep8_fix_20260425T111312Z/15_mem_n128000000_q1000000_h100_dense_g1_j0_s17_t8_mcold.csv
  time_metrics=bench_results/thread_sweep8_fix_20260425T111312Z/15_mem_n128000000_q1000000_h100_dense_g1_j0_s17_t8_mcold.time.txt
[2026-04-25T11:13:17Z] case=16 profile=mem_n128000000_q1000000_h100_dense_g1_j0_s17_t8_mwarm estimated_gib=1.106 mode=warm warmup_runs=1
  benchmark_csv=bench_results/thread_sweep8_fix_20260425T111312Z/16_mem_n128000000_q1000000_h100_dense_g1_j0_s17_t8_mwarm.csv
  time_metrics=bench_results/thread_sweep8_fix_20260425T111312Z/16_mem_n128000000_q1000000_h100_dense_g1_j0_s17_t8_mwarm.time.txt
[2026-04-25T11:13:18Z] case=17 profile=mem_n1000000_q4000000_h100_dense_g1_j0_s17_t8_mcold estimated_gib=0.238 mode=cold warmup_runs=0
  benchmark_csv=bench_results/thread_sweep8_fix_20260425T111312Z/17_mem_n1000000_q4000000_h100_dense_g1_j0_s17_t8_mcold.csv
  time_metrics=bench_results/thread_sweep8_fix_20260425T111312Z/17_mem_n1000000_q4000000_h100_dense_g1_j0_s17_t8_mcold.time.txt
[2026-04-25T11:13:19Z] case=18 profile=mem_n1000000_q4000000_h100_dense_g1_j0_s17_t8_mwarm estimated_gib=0.238 mode=warm warmup_runs=1
  benchmark_csv=bench_results/thread_sweep8_fix_20260425T111312Z/18_mem_n1000000_q4000000_h100_dense_g1_j0_s17_t8_mwarm.csv
  time_metrics=bench_results/thread_sweep8_fix_20260425T111312Z/18_mem_n1000000_q4000000_h100_dense_g1_j0_s17_t8_mwarm.time.txt
[2026-04-25T11:13:21Z] case=19 profile=mem_n8000000_q4000000_h100_dense_g1_j0_s17_t8_mcold estimated_gib=0.295 mode=cold warmup_runs=0
  benchmark_csv=bench_results/thread_sweep8_fix_20260425T111312Z/19_mem_n8000000_q4000000_h100_dense_g1_j0_s17_t8_mcold.csv
  time_metrics=bench_results/thread_sweep8_fix_20260425T111312Z/19_mem_n8000000_q4000000_h100_dense_g1_j0_s17_t8_mcold.time.txt
[2026-04-25T11:13:22Z] case=20 profile=mem_n8000000_q4000000_h100_dense_g1_j0_s17_t8_mwarm estimated_gib=0.295 mode=warm warmup_runs=1
  benchmark_csv=bench_results/thread_sweep8_fix_20260425T111312Z/20_mem_n8000000_q4000000_h100_dense_g1_j0_s17_t8_mwarm.csv
  time_metrics=bench_results/thread_sweep8_fix_20260425T111312Z/20_mem_n8000000_q4000000_h100_dense_g1_j0_s17_t8_mwarm.time.txt
[2026-04-25T11:13:23Z] case=21 profile=mem_n32000000_q4000000_h100_dense_g1_j0_s17_t8_mcold estimated_gib=0.492 mode=cold warmup_runs=0
  benchmark_csv=bench_results/thread_sweep8_fix_20260425T111312Z/21_mem_n32000000_q4000000_h100_dense_g1_j0_s17_t8_mcold.csv
  time_metrics=bench_results/thread_sweep8_fix_20260425T111312Z/21_mem_n32000000_q4000000_h100_dense_g1_j0_s17_t8_mcold.time.txt
[2026-04-25T11:13:25Z] case=22 profile=mem_n32000000_q4000000_h100_dense_g1_j0_s17_t8_mwarm estimated_gib=0.492 mode=warm warmup_runs=1
  benchmark_csv=bench_results/thread_sweep8_fix_20260425T111312Z/22_mem_n32000000_q4000000_h100_dense_g1_j0_s17_t8_mwarm.csv
  time_metrics=bench_results/thread_sweep8_fix_20260425T111312Z/22_mem_n32000000_q4000000_h100_dense_g1_j0_s17_t8_mwarm.time.txt
[2026-04-25T11:13:26Z] case=23 profile=mem_n128000000_q4000000_h100_dense_g1_j0_s17_t8_mcold estimated_gib=1.279 mode=cold warmup_runs=0
  benchmark_csv=bench_results/thread_sweep8_fix_20260425T111312Z/23_mem_n128000000_q4000000_h100_dense_g1_j0_s17_t8_mcold.csv
  time_metrics=bench_results/thread_sweep8_fix_20260425T111312Z/23_mem_n128000000_q4000000_h100_dense_g1_j0_s17_t8_mcold.time.txt
[2026-04-25T11:13:28Z] case=24 profile=mem_n128000000_q4000000_h100_dense_g1_j0_s17_t8_mwarm estimated_gib=1.279 mode=warm warmup_runs=1
  benchmark_csv=bench_results/thread_sweep8_fix_20260425T111312Z/24_mem_n128000000_q4000000_h100_dense_g1_j0_s17_t8_mwarm.csv
  time_metrics=bench_results/thread_sweep8_fix_20260425T111312Z/24_mem_n128000000_q4000000_h100_dense_g1_j0_s17_t8_mwarm.time.txt
