[2026-04-25T11:16:27Z] case=1 profile=mem_n1000000_q200000_h100_dense_g1_j0_s17_t20_mcold estimated_gib=0.020 mode=cold warmup_runs=0
  benchmark_csv=bench_results/threadext_sweep20_20260425T111627Z/1_mem_n1000000_q200000_h100_dense_g1_j0_s17_t20_mcold.csv
  time_metrics=bench_results/threadext_sweep20_20260425T111627Z/1_mem_n1000000_q200000_h100_dense_g1_j0_s17_t20_mcold.time.txt
[2026-04-25T11:16:27Z] case=2 profile=mem_n1000000_q200000_h100_dense_g1_j0_s17_t20_mwarm estimated_gib=0.020 mode=warm warmup_runs=1
  benchmark_csv=bench_results/threadext_sweep20_20260425T111627Z/2_mem_n1000000_q200000_h100_dense_g1_j0_s17_t20_mwarm.csv
  time_metrics=bench_results/threadext_sweep20_20260425T111627Z/2_mem_n1000000_q200000_h100_dense_g1_j0_s17_t20_mwarm.time.txt
[2026-04-25T11:16:27Z] case=3 profile=mem_n8000000_q200000_h100_dense_g1_j0_s17_t20_mcold estimated_gib=0.077 mode=cold warmup_runs=0
  benchmark_csv=bench_results/threadext_sweep20_20260425T111627Z/3_mem_n8000000_q200000_h100_dense_g1_j0_s17_t20_mcold.csv
  time_metrics=bench_results/threadext_sweep20_20260425T111627Z/3_mem_n8000000_q200000_h100_dense_g1_j0_s17_t20_mcold.time.txt
[2026-04-25T11:16:28Z] case=4 profile=mem_n8000000_q200000_h100_dense_g1_j0_s17_t20_mwarm estimated_gib=0.077 mode=warm warmup_runs=1
  benchmark_csv=bench_results/threadext_sweep20_20260425T111627Z/4_mem_n8000000_q200000_h100_dense_g1_j0_s17_t20_mwarm.csv
  time_metrics=bench_results/threadext_sweep20_20260425T111627Z/4_mem_n8000000_q200000_h100_dense_g1_j0_s17_t20_mwarm.time.txt
[2026-04-25T11:16:28Z] case=5 profile=mem_n32000000_q200000_h100_dense_g1_j0_s17_t20_mcold estimated_gib=0.274 mode=cold warmup_runs=0
  benchmark_csv=bench_results/threadext_sweep20_20260425T111627Z/5_mem_n32000000_q200000_h100_dense_g1_j0_s17_t20_mcold.csv
  time_metrics=bench_results/threadext_sweep20_20260425T111627Z/5_mem_n32000000_q200000_h100_dense_g1_j0_s17_t20_mcold.time.txt
[2026-04-25T11:16:28Z] case=6 profile=mem_n32000000_q200000_h100_dense_g1_j0_s17_t20_mwarm estimated_gib=0.274 mode=warm warmup_runs=1
  benchmark_csv=bench_results/threadext_sweep20_20260425T111627Z/6_mem_n32000000_q200000_h100_dense_g1_j0_s17_t20_mwarm.csv
  time_metrics=bench_results/threadext_sweep20_20260425T111627Z/6_mem_n32000000_q200000_h100_dense_g1_j0_s17_t20_mwarm.time.txt
[2026-04-25T11:16:28Z] case=7 profile=mem_n128000000_q200000_h100_dense_g1_j0_s17_t20_mcold estimated_gib=1.061 mode=cold warmup_runs=0
  benchmark_csv=bench_results/threadext_sweep20_20260425T111627Z/7_mem_n128000000_q200000_h100_dense_g1_j0_s17_t20_mcold.csv
  time_metrics=bench_results/threadext_sweep20_20260425T111627Z/7_mem_n128000000_q200000_h100_dense_g1_j0_s17_t20_mcold.time.txt
[2026-04-25T11:16:29Z] case=8 profile=mem_n128000000_q200000_h100_dense_g1_j0_s17_t20_mwarm estimated_gib=1.061 mode=warm warmup_runs=1
  benchmark_csv=bench_results/threadext_sweep20_20260425T111627Z/8_mem_n128000000_q200000_h100_dense_g1_j0_s17_t20_mwarm.csv
  time_metrics=bench_results/threadext_sweep20_20260425T111627Z/8_mem_n128000000_q200000_h100_dense_g1_j0_s17_t20_mwarm.time.txt
[2026-04-25T11:16:29Z] case=9 profile=mem_n1000000_q1000000_h100_dense_g1_j0_s17_t20_mcold estimated_gib=0.066 mode=cold warmup_runs=0
  benchmark_csv=bench_results/threadext_sweep20_20260425T111627Z/9_mem_n1000000_q1000000_h100_dense_g1_j0_s17_t20_mcold.csv
  time_metrics=bench_results/threadext_sweep20_20260425T111627Z/9_mem_n1000000_q1000000_h100_dense_g1_j0_s17_t20_mcold.time.txt
[2026-04-25T11:16:30Z] case=10 profile=mem_n1000000_q1000000_h100_dense_g1_j0_s17_t20_mwarm estimated_gib=0.066 mode=warm warmup_runs=1
  benchmark_csv=bench_results/threadext_sweep20_20260425T111627Z/10_mem_n1000000_q1000000_h100_dense_g1_j0_s17_t20_mwarm.csv
  time_metrics=bench_results/threadext_sweep20_20260425T111627Z/10_mem_n1000000_q1000000_h100_dense_g1_j0_s17_t20_mwarm.time.txt
[2026-04-25T11:16:30Z] case=11 profile=mem_n8000000_q1000000_h100_dense_g1_j0_s17_t20_mcold estimated_gib=0.123 mode=cold warmup_runs=0
  benchmark_csv=bench_results/threadext_sweep20_20260425T111627Z/11_mem_n8000000_q1000000_h100_dense_g1_j0_s17_t20_mcold.csv
  time_metrics=bench_results/threadext_sweep20_20260425T111627Z/11_mem_n8000000_q1000000_h100_dense_g1_j0_s17_t20_mcold.time.txt
[2026-04-25T11:16:30Z] case=12 profile=mem_n8000000_q1000000_h100_dense_g1_j0_s17_t20_mwarm estimated_gib=0.123 mode=warm warmup_runs=1
  benchmark_csv=bench_results/threadext_sweep20_20260425T111627Z/12_mem_n8000000_q1000000_h100_dense_g1_j0_s17_t20_mwarm.csv
  time_metrics=bench_results/threadext_sweep20_20260425T111627Z/12_mem_n8000000_q1000000_h100_dense_g1_j0_s17_t20_mwarm.time.txt
[2026-04-25T11:16:31Z] case=13 profile=mem_n32000000_q1000000_h100_dense_g1_j0_s17_t20_mcold estimated_gib=0.320 mode=cold warmup_runs=0
  benchmark_csv=bench_results/threadext_sweep20_20260425T111627Z/13_mem_n32000000_q1000000_h100_dense_g1_j0_s17_t20_mcold.csv
  time_metrics=bench_results/threadext_sweep20_20260425T111627Z/13_mem_n32000000_q1000000_h100_dense_g1_j0_s17_t20_mcold.time.txt
[2026-04-25T11:16:31Z] case=14 profile=mem_n32000000_q1000000_h100_dense_g1_j0_s17_t20_mwarm estimated_gib=0.320 mode=warm warmup_runs=1
  benchmark_csv=bench_results/threadext_sweep20_20260425T111627Z/14_mem_n32000000_q1000000_h100_dense_g1_j0_s17_t20_mwarm.csv
  time_metrics=bench_results/threadext_sweep20_20260425T111627Z/14_mem_n32000000_q1000000_h100_dense_g1_j0_s17_t20_mwarm.time.txt
[2026-04-25T11:16:32Z] case=15 profile=mem_n128000000_q1000000_h100_dense_g1_j0_s17_t20_mcold estimated_gib=1.106 mode=cold warmup_runs=0
  benchmark_csv=bench_results/threadext_sweep20_20260425T111627Z/15_mem_n128000000_q1000000_h100_dense_g1_j0_s17_t20_mcold.csv
  time_metrics=bench_results/threadext_sweep20_20260425T111627Z/15_mem_n128000000_q1000000_h100_dense_g1_j0_s17_t20_mcold.time.txt
[2026-04-25T11:16:33Z] case=16 profile=mem_n128000000_q1000000_h100_dense_g1_j0_s17_t20_mwarm estimated_gib=1.106 mode=warm warmup_runs=1
  benchmark_csv=bench_results/threadext_sweep20_20260425T111627Z/16_mem_n128000000_q1000000_h100_dense_g1_j0_s17_t20_mwarm.csv
  time_metrics=bench_results/threadext_sweep20_20260425T111627Z/16_mem_n128000000_q1000000_h100_dense_g1_j0_s17_t20_mwarm.time.txt
[2026-04-25T11:16:34Z] case=17 profile=mem_n1000000_q4000000_h100_dense_g1_j0_s17_t20_mcold estimated_gib=0.238 mode=cold warmup_runs=0
  benchmark_csv=bench_results/threadext_sweep20_20260425T111627Z/17_mem_n1000000_q4000000_h100_dense_g1_j0_s17_t20_mcold.csv
  time_metrics=bench_results/threadext_sweep20_20260425T111627Z/17_mem_n1000000_q4000000_h100_dense_g1_j0_s17_t20_mcold.time.txt
[2026-04-25T11:16:35Z] case=18 profile=mem_n1000000_q4000000_h100_dense_g1_j0_s17_t20_mwarm estimated_gib=0.238 mode=warm warmup_runs=1
  benchmark_csv=bench_results/threadext_sweep20_20260425T111627Z/18_mem_n1000000_q4000000_h100_dense_g1_j0_s17_t20_mwarm.csv
  time_metrics=bench_results/threadext_sweep20_20260425T111627Z/18_mem_n1000000_q4000000_h100_dense_g1_j0_s17_t20_mwarm.time.txt
[2026-04-25T11:16:37Z] case=19 profile=mem_n8000000_q4000000_h100_dense_g1_j0_s17_t20_mcold estimated_gib=0.295 mode=cold warmup_runs=0
  benchmark_csv=bench_results/threadext_sweep20_20260425T111627Z/19_mem_n8000000_q4000000_h100_dense_g1_j0_s17_t20_mcold.csv
  time_metrics=bench_results/threadext_sweep20_20260425T111627Z/19_mem_n8000000_q4000000_h100_dense_g1_j0_s17_t20_mcold.time.txt
[2026-04-25T11:16:39Z] case=20 profile=mem_n8000000_q4000000_h100_dense_g1_j0_s17_t20_mwarm estimated_gib=0.295 mode=warm warmup_runs=1
  benchmark_csv=bench_results/threadext_sweep20_20260425T111627Z/20_mem_n8000000_q4000000_h100_dense_g1_j0_s17_t20_mwarm.csv
  time_metrics=bench_results/threadext_sweep20_20260425T111627Z/20_mem_n8000000_q4000000_h100_dense_g1_j0_s17_t20_mwarm.time.txt
[2026-04-25T11:16:41Z] case=21 profile=mem_n32000000_q4000000_h100_dense_g1_j0_s17_t20_mcold estimated_gib=0.492 mode=cold warmup_runs=0
  benchmark_csv=bench_results/threadext_sweep20_20260425T111627Z/21_mem_n32000000_q4000000_h100_dense_g1_j0_s17_t20_mcold.csv
  time_metrics=bench_results/threadext_sweep20_20260425T111627Z/21_mem_n32000000_q4000000_h100_dense_g1_j0_s17_t20_mcold.time.txt
[2026-04-25T11:16:42Z] case=22 profile=mem_n32000000_q4000000_h100_dense_g1_j0_s17_t20_mwarm estimated_gib=0.492 mode=warm warmup_runs=1
  benchmark_csv=bench_results/threadext_sweep20_20260425T111627Z/22_mem_n32000000_q4000000_h100_dense_g1_j0_s17_t20_mwarm.csv
  time_metrics=bench_results/threadext_sweep20_20260425T111627Z/22_mem_n32000000_q4000000_h100_dense_g1_j0_s17_t20_mwarm.time.txt
[2026-04-25T11:16:45Z] case=23 profile=mem_n128000000_q4000000_h100_dense_g1_j0_s17_t20_mcold estimated_gib=1.279 mode=cold warmup_runs=0
  benchmark_csv=bench_results/threadext_sweep20_20260425T111627Z/23_mem_n128000000_q4000000_h100_dense_g1_j0_s17_t20_mcold.csv
  time_metrics=bench_results/threadext_sweep20_20260425T111627Z/23_mem_n128000000_q4000000_h100_dense_g1_j0_s17_t20_mcold.time.txt
[2026-04-25T11:16:47Z] case=24 profile=mem_n128000000_q4000000_h100_dense_g1_j0_s17_t20_mwarm estimated_gib=1.279 mode=warm warmup_runs=1
  benchmark_csv=bench_results/threadext_sweep20_20260425T111627Z/24_mem_n128000000_q4000000_h100_dense_g1_j0_s17_t20_mwarm.csv
  time_metrics=bench_results/threadext_sweep20_20260425T111627Z/24_mem_n128000000_q4000000_h100_dense_g1_j0_s17_t20_mwarm.time.txt
