[2026-04-25T11:04:27Z] case=1 profile=mem_n1000000_q1000000_h0_dense_g1_j0_s17_t16_mcold estimated_gib=0.066 mode=cold warmup_runs=0
  benchmark_csv=bench_results/memory_ramp_out_of_range_route_20260425T110427Z/1_mem_n1000000_q1000000_h0_dense_g1_j0_s17_t16_mcold.csv
  time_metrics=bench_results/memory_ramp_out_of_range_route_20260425T110427Z/1_mem_n1000000_q1000000_h0_dense_g1_j0_s17_t16_mcold.time.txt
[2026-04-25T11:04:28Z] case=2 profile=mem_n1000000_q1000000_h0_dense_g1_j0_s17_t16_mwarm estimated_gib=0.066 mode=warm warmup_runs=1
  benchmark_csv=bench_results/memory_ramp_out_of_range_route_20260425T110427Z/2_mem_n1000000_q1000000_h0_dense_g1_j0_s17_t16_mwarm.csv
  time_metrics=bench_results/memory_ramp_out_of_range_route_20260425T110427Z/2_mem_n1000000_q1000000_h0_dense_g1_j0_s17_t16_mwarm.time.txt
[2026-04-25T11:04:28Z] case=3 profile=mem_n1000000_q1000000_h0_jitter_g8_j8_s17_t16_mcold estimated_gib=0.066 mode=cold warmup_runs=0
  benchmark_csv=bench_results/memory_ramp_out_of_range_route_20260425T110427Z/3_mem_n1000000_q1000000_h0_jitter_g8_j8_s17_t16_mcold.csv
  time_metrics=bench_results/memory_ramp_out_of_range_route_20260425T110427Z/3_mem_n1000000_q1000000_h0_jitter_g8_j8_s17_t16_mcold.time.txt
[2026-04-25T11:04:28Z] case=4 profile=mem_n1000000_q1000000_h0_jitter_g8_j8_s17_t16_mwarm estimated_gib=0.066 mode=warm warmup_runs=1
  benchmark_csv=bench_results/memory_ramp_out_of_range_route_20260425T110427Z/4_mem_n1000000_q1000000_h0_jitter_g8_j8_s17_t16_mwarm.csv
  time_metrics=bench_results/memory_ramp_out_of_range_route_20260425T110427Z/4_mem_n1000000_q1000000_h0_jitter_g8_j8_s17_t16_mwarm.time.txt
[2026-04-25T11:04:28Z] case=5 profile=mem_n8000000_q1000000_h0_dense_g1_j0_s17_t16_mcold estimated_gib=0.123 mode=cold warmup_runs=0
  benchmark_csv=bench_results/memory_ramp_out_of_range_route_20260425T110427Z/5_mem_n8000000_q1000000_h0_dense_g1_j0_s17_t16_mcold.csv
  time_metrics=bench_results/memory_ramp_out_of_range_route_20260425T110427Z/5_mem_n8000000_q1000000_h0_dense_g1_j0_s17_t16_mcold.time.txt
[2026-04-25T11:04:28Z] case=6 profile=mem_n8000000_q1000000_h0_dense_g1_j0_s17_t16_mwarm estimated_gib=0.123 mode=warm warmup_runs=1
  benchmark_csv=bench_results/memory_ramp_out_of_range_route_20260425T110427Z/6_mem_n8000000_q1000000_h0_dense_g1_j0_s17_t16_mwarm.csv
  time_metrics=bench_results/memory_ramp_out_of_range_route_20260425T110427Z/6_mem_n8000000_q1000000_h0_dense_g1_j0_s17_t16_mwarm.time.txt
[2026-04-25T11:04:28Z] case=7 profile=mem_n8000000_q1000000_h0_jitter_g8_j8_s17_t16_mcold estimated_gib=0.123 mode=cold warmup_runs=0
  benchmark_csv=bench_results/memory_ramp_out_of_range_route_20260425T110427Z/7_mem_n8000000_q1000000_h0_jitter_g8_j8_s17_t16_mcold.csv
  time_metrics=bench_results/memory_ramp_out_of_range_route_20260425T110427Z/7_mem_n8000000_q1000000_h0_jitter_g8_j8_s17_t16_mcold.time.txt
[2026-04-25T11:04:28Z] case=8 profile=mem_n8000000_q1000000_h0_jitter_g8_j8_s17_t16_mwarm estimated_gib=0.123 mode=warm warmup_runs=1
  benchmark_csv=bench_results/memory_ramp_out_of_range_route_20260425T110427Z/8_mem_n8000000_q1000000_h0_jitter_g8_j8_s17_t16_mwarm.csv
  time_metrics=bench_results/memory_ramp_out_of_range_route_20260425T110427Z/8_mem_n8000000_q1000000_h0_jitter_g8_j8_s17_t16_mwarm.time.txt
[2026-04-25T11:04:29Z] case=9 profile=mem_n32000000_q1000000_h0_dense_g1_j0_s17_t16_mcold estimated_gib=0.320 mode=cold warmup_runs=0
  benchmark_csv=bench_results/memory_ramp_out_of_range_route_20260425T110427Z/9_mem_n32000000_q1000000_h0_dense_g1_j0_s17_t16_mcold.csv
  time_metrics=bench_results/memory_ramp_out_of_range_route_20260425T110427Z/9_mem_n32000000_q1000000_h0_dense_g1_j0_s17_t16_mcold.time.txt
[2026-04-25T11:04:29Z] case=10 profile=mem_n32000000_q1000000_h0_dense_g1_j0_s17_t16_mwarm estimated_gib=0.320 mode=warm warmup_runs=1
  benchmark_csv=bench_results/memory_ramp_out_of_range_route_20260425T110427Z/10_mem_n32000000_q1000000_h0_dense_g1_j0_s17_t16_mwarm.csv
  time_metrics=bench_results/memory_ramp_out_of_range_route_20260425T110427Z/10_mem_n32000000_q1000000_h0_dense_g1_j0_s17_t16_mwarm.time.txt
[2026-04-25T11:04:29Z] case=11 profile=mem_n32000000_q1000000_h0_jitter_g8_j8_s17_t16_mcold estimated_gib=0.320 mode=cold warmup_runs=0
  benchmark_csv=bench_results/memory_ramp_out_of_range_route_20260425T110427Z/11_mem_n32000000_q1000000_h0_jitter_g8_j8_s17_t16_mcold.csv
  time_metrics=bench_results/memory_ramp_out_of_range_route_20260425T110427Z/11_mem_n32000000_q1000000_h0_jitter_g8_j8_s17_t16_mcold.time.txt
[2026-04-25T11:04:29Z] case=12 profile=mem_n32000000_q1000000_h0_jitter_g8_j8_s17_t16_mwarm estimated_gib=0.320 mode=warm warmup_runs=1
  benchmark_csv=bench_results/memory_ramp_out_of_range_route_20260425T110427Z/12_mem_n32000000_q1000000_h0_jitter_g8_j8_s17_t16_mwarm.csv
  time_metrics=bench_results/memory_ramp_out_of_range_route_20260425T110427Z/12_mem_n32000000_q1000000_h0_jitter_g8_j8_s17_t16_mwarm.time.txt
[2026-04-25T11:04:30Z] case=13 profile=mem_n128000000_q1000000_h0_dense_g1_j0_s17_t16_mcold estimated_gib=1.106 mode=cold warmup_runs=0
  benchmark_csv=bench_results/memory_ramp_out_of_range_route_20260425T110427Z/13_mem_n128000000_q1000000_h0_dense_g1_j0_s17_t16_mcold.csv
  time_metrics=bench_results/memory_ramp_out_of_range_route_20260425T110427Z/13_mem_n128000000_q1000000_h0_dense_g1_j0_s17_t16_mcold.time.txt
[2026-04-25T11:04:30Z] case=14 profile=mem_n128000000_q1000000_h0_dense_g1_j0_s17_t16_mwarm estimated_gib=1.106 mode=warm warmup_runs=1
  benchmark_csv=bench_results/memory_ramp_out_of_range_route_20260425T110427Z/14_mem_n128000000_q1000000_h0_dense_g1_j0_s17_t16_mwarm.csv
  time_metrics=bench_results/memory_ramp_out_of_range_route_20260425T110427Z/14_mem_n128000000_q1000000_h0_dense_g1_j0_s17_t16_mwarm.time.txt
[2026-04-25T11:04:31Z] case=15 profile=mem_n128000000_q1000000_h0_jitter_g8_j8_s17_t16_mcold estimated_gib=1.106 mode=cold warmup_runs=0
  benchmark_csv=bench_results/memory_ramp_out_of_range_route_20260425T110427Z/15_mem_n128000000_q1000000_h0_jitter_g8_j8_s17_t16_mcold.csv
  time_metrics=bench_results/memory_ramp_out_of_range_route_20260425T110427Z/15_mem_n128000000_q1000000_h0_jitter_g8_j8_s17_t16_mcold.time.txt
[2026-04-25T11:04:32Z] case=16 profile=mem_n128000000_q1000000_h0_jitter_g8_j8_s17_t16_mwarm estimated_gib=1.106 mode=warm warmup_runs=1
  benchmark_csv=bench_results/memory_ramp_out_of_range_route_20260425T110427Z/16_mem_n128000000_q1000000_h0_jitter_g8_j8_s17_t16_mwarm.csv
  time_metrics=bench_results/memory_ramp_out_of_range_route_20260425T110427Z/16_mem_n128000000_q1000000_h0_jitter_g8_j8_s17_t16_mwarm.time.txt
